═══════════════════════════════════════════════════════════════
  Verilator JSON → Behavioral IR → Optimization
═══════════════════════════════════════════════════════════════

Input: obj_dir/Variane.tree.json

[1/3] Converting Verilator JSON to Behavioral IR...
✓ Conversion successful (67 modules)

Module: ariane
  Signals: 133
  Processes: 1

[2/3] Running Optimization Pipeline...
Constant propagation iteration 1: 590 changes
Constant propagation iteration 2: 0 changes
Dead code elimination: 1546 statements removed (2821 → 1275)
Common subexpression elimination: 487 expressions reused
Register Inference Results:
  Registers: 1
  Wires: 0

Registers (original signals only):
  - mode: 32 bits, clock=clk_i
      data = 32'0

═══════════════════════════════════════════════════════════════
Comparison: New Register Inference vs Old VHDL Bug
═══════════════════════════════════════════════════════════════

Module: ariane

OLD VHDL APPROACH (BUGGY):
  - Created register for EVERY assignment
  - Result: 6 registers for slib_clock_div
    • Register(iCounter) - initial
    • Register(iQ) - initial
    • Register(iQ_next1) - default assignment ❌
    • Register(iQ_next2) - pulse assignment ❌
    • Register(iCounter_n1) - max assignment ❌
    • Register(iCounter_n2) - increment ❌

NEW SHARED APPROACH (CORRECT):
  - Groups assignments by ORIGINAL signal name
  - Strips SSA suffixes (iCounter_7 → iCounter)
  - Filters out CSE temps (_cse_tempN)
  - Builds MUX tree for multiple assignments
  - Creates ONE register per ORIGINAL signal
  - Result: 1 registers
    • Register(mode) ✅

  - CSE temps and SSA versions: 0 wires (not registers!)

✅ Bug fixed! Correct number of registers.
✅ This logic is shared by VHDL and SystemVerilog.
✅ No more language-specific register inference!

Register Inference Results:
  Registers: 0
  Wires: 135

Combinational wires (CSE temps and intermediate values):
  - _cse_temp17 = commit_instr_i_0[291:291]
  - _cse_temp46 = (_cse_temp7 ? sfence_vma_o_33 : 32'0)
  - _cse_temp4 = commit_instr_i_0[564:564]
  - _cse_temp53 = (_cse_temp52 & (~instr_0_is_amo_0))
  - _cse_temp49 = (_cse_temp47 & _cse_temp48)
  ... and 130 more wires

═══════════════════════════════════════════════════════════════
Comparison: New Register Inference vs Old VHDL Bug
═══════════════════════════════════════════════════════════════

Module: commit_stage

OLD VHDL APPROACH (BUGGY):
  - Created register for EVERY assignment
  - Result: 6 registers for slib_clock_div
    • Register(iCounter) - initial
    • Register(iQ) - initial
    • Register(iQ_next1) - default assignment ❌
    • Register(iQ_next2) - pulse assignment ❌
    • Register(iCounter_n1) - max assignment ❌
    • Register(iCounter_n2) - increment ❌

NEW SHARED APPROACH (CORRECT):
  - Groups assignments by ORIGINAL signal name
  - Strips SSA suffixes (iCounter_7 → iCounter)
  - Filters out CSE temps (_cse_tempN)
  - Builds MUX tree for multiple assignments
  - Creates ONE register per ORIGINAL signal
  - Result: 0 registers

  - CSE temps and SSA versions: 135 wires (not registers!)

✅ Bug fixed! Correct number of registers.
✅ This logic is shared by VHDL and SystemVerilog.
✅ No more language-specific register inference!

Register Inference Results:
  Registers: 2
  Wires: 47

Registers (original signals only):
  - fence_active_q: 32 bits, clock=clk_i
      data = fence_active_d_0
  - flush_dcache_o: 32 bits, clock=clk_i
      data = ((~rst_ni_0) ? 32'0 : _cse_temp0)

Combinational wires (CSE temps and intermediate values):
  - _cse_temp4 = (_cse_temp3 | set_debug_pc_i_0)
  - _cse_temp1 = (flush_dcache_ack_i_0 & fence_active_q_0)
  - _cse_temp3 = (ex_valid_i_0 | eret_i_0)
  - _cse_temp0 = resolved_branch_i_0[5:5]
  - _cse_temp2 = (flush_csr_i_0 | flush_commit_i_0)
  ... and 42 more wires

═══════════════════════════════════════════════════════════════
Comparison: New Register Inference vs Old VHDL Bug
═══════════════════════════════════════════════════════════════

Module: controller

OLD VHDL APPROACH (BUGGY):
  - Created register for EVERY assignment
  - Result: 6 registers for slib_clock_div
    • Register(iCounter) - initial
    • Register(iQ) - initial
    • Register(iQ_next1) - default assignment ❌
    • Register(iQ_next2) - pulse assignment ❌
    • Register(iCounter_n1) - max assignment ❌
    • Register(iCounter_n2) - increment ❌

NEW SHARED APPROACH (CORRECT):
  - Groups assignments by ORIGINAL signal name
  - Strips SSA suffixes (iCounter_7 → iCounter)
  - Filters out CSE temps (_cse_tempN)
  - Builds MUX tree for multiple assignments
  - Creates ONE register per ORIGINAL signal
  - Result: 2 registers
    • Register(fence_active_q) ✅
    • Register(flush_dcache_o) ✅

  - CSE temps and SSA versions: 47 wires (not registers!)

✅ Bug fixed! Correct number of registers.
✅ This logic is shared by VHDL and SystemVerilog.
✅ No more language-specific register inference!

Register Inference Results:
  Registers: 1
  Wires: 193

Registers (original signals only):
  - priv_lvl_q: 32 bits, clock=clk_i
      data = priv_lvl_d_0

Combinational wires (CSE temps and intermediate values):
  - _cse_temp8 = (_cse_temp6 & _cse_temp7)
  - _cse_temp3 = fcsr_q_0[5:5]
  - _cse_temp4 = {_cse_temp3, _cse_temp2}
  - _cse_temp0 = mstatus_q_0[13:13]
  - _cse_temp6 = (32'1 == priv_lvl_o_0)
  ... and 188 more wires

═══════════════════════════════════════════════════════════════
Comparison: New Register Inference vs Old VHDL Bug
═══════════════════════════════════════════════════════════════

Module: csr_regfile

OLD VHDL APPROACH (BUGGY):
  - Created register for EVERY assignment
  - Result: 6 registers for slib_clock_div
    • Register(iCounter) - initial
    • Register(iQ) - initial
    • Register(iQ_next1) - default assignment ❌
    • Register(iQ_next2) - pulse assignment ❌
    • Register(iCounter_n1) - max assignment ❌
    • Register(iCounter_n2) - increment ❌

NEW SHARED APPROACH (CORRECT):
  - Groups assignments by ORIGINAL signal name
  - Strips SSA suffixes (iCounter_7 → iCounter)
  - Filters out CSE temps (_cse_tempN)
  - Builds MUX tree for multiple assignments
  - Creates ONE register per ORIGINAL signal
  - Result: 1 registers
    • Register(priv_lvl_q) ✅

  - CSE temps and SSA versions: 193 wires (not registers!)

✅ Bug fixed! Correct number of registers.
✅ This logic is shared by VHDL and SystemVerilog.
✅ No more language-specific register inference!

Register Inference Results:
  Registers: 0
  Wires: 17

Combinational wires (CSE temps and intermediate values):
  - _cse_temp3 = (alu_valid_i_0 ? flu_result_o_2 : flu_result_o_6)
  - _cse_temp4 = (alu_valid_i_0 ? flu_trans_id_o_1 : flu_trans_id_o_7)
  - _cse_temp0 = fu_data_i_0[0:0]
  - _cse_temp2 = (csr_valid_i_0 ? flu_trans_id_o_1 : flu_trans_id_o_5)
  - _cse_temp1 = (csr_valid_i_0 ? flu_result_o_3 : flu_result_o_4)
  ... and 12 more wires

═══════════════════════════════════════════════════════════════
Comparison: New Register Inference vs Old VHDL Bug
═══════════════════════════════════════════════════════════════

Module: ex_stage

OLD VHDL APPROACH (BUGGY):
  - Created register for EVERY assignment
  - Result: 6 registers for slib_clock_div
    • Register(iCounter) - initial
    • Register(iQ) - initial
    • Register(iQ_next1) - default assignment ❌
    • Register(iQ_next2) - pulse assignment ❌
    • Register(iCounter_n1) - max assignment ❌
    • Register(iCounter_n2) - increment ❌

NEW SHARED APPROACH (CORRECT):
  - Groups assignments by ORIGINAL signal name
  - Strips SSA suffixes (iCounter_7 → iCounter)
  - Filters out CSE temps (_cse_tempN)
  - Builds MUX tree for multiple assignments
  - Creates ONE register per ORIGINAL signal
  - Result: 0 registers

  - CSE temps and SSA versions: 17 wires (not registers!)

✅ Bug fixed! Correct number of registers.
✅ This logic is shared by VHDL and SystemVerilog.
✅ No more language-specific register inference!

Register Inference Results:
  Registers: 1
  Wires: 1

Registers (original signals only):
  - issue_q: 32 bits, clock=clk_i
      data = issue_n_0

Combinational wires (CSE temps and intermediate values):

═══════════════════════════════════════════════════════════════
Comparison: New Register Inference vs Old VHDL Bug
═══════════════════════════════════════════════════════════════

Module: id_stage

OLD VHDL APPROACH (BUGGY):
  - Created register for EVERY assignment
  - Result: 6 registers for slib_clock_div
    • Register(iCounter) - initial
    • Register(iQ) - initial
    • Register(iQ_next1) - default assignment ❌
    • Register(iQ_next2) - pulse assignment ❌
    • Register(iCounter_n1) - max assignment ❌
    • Register(iCounter_n2) - increment ❌

NEW SHARED APPROACH (CORRECT):
  - Groups assignments by ORIGINAL signal name
  - Strips SSA suffixes (iCounter_7 → iCounter)
  - Filters out CSE temps (_cse_tempN)
  - Builds MUX tree for multiple assignments
  - Creates ONE register per ORIGINAL signal
  - Result: 1 registers
    • Register(issue_q) ✅

  - CSE temps and SSA versions: 1 wires (not registers!)

✅ Bug fixed! Correct number of registers.
✅ This logic is shared by VHDL and SystemVerilog.
✅ No more language-specific register inference!

Register Inference Results:
  Registers: 0
  Wires: 0

═══════════════════════════════════════════════════════════════
Comparison: New Register Inference vs Old VHDL Bug
═══════════════════════════════════════════════════════════════

Module: issue_stage

OLD VHDL APPROACH (BUGGY):
  - Created register for EVERY assignment
  - Result: 6 registers for slib_clock_div
    • Register(iCounter) - initial
    • Register(iQ) - initial
    • Register(iQ_next1) - default assignment ❌
    • Register(iQ_next2) - pulse assignment ❌
    • Register(iCounter_n1) - max assignment ❌
    • Register(iCounter_n2) - increment ❌

NEW SHARED APPROACH (CORRECT):
  - Groups assignments by ORIGINAL signal name
  - Strips SSA suffixes (iCounter_7 → iCounter)
  - Filters out CSE temps (_cse_tempN)
  - Builds MUX tree for multiple assignments
  - Creates ONE register per ORIGINAL signal
  - Result: 0 registers

  - CSE temps and SSA versions: 0 wires (not registers!)

✅ Bug fixed! Correct number of registers.
✅ This logic is shared by VHDL and SystemVerilog.
✅ No more language-specific register inference!

Register Inference Results:
  Registers: 1
  Wires: 4

Registers (original signals only):
  - perf_counter_q: 14 bits, clock=clk_i
      data = perf_counter_d_0

Combinational wires (CSE temps and intermediate values):
  - _cse_temp0 = perf_counter_q_0[0:0]

═══════════════════════════════════════════════════════════════
Comparison: New Register Inference vs Old VHDL Bug
═══════════════════════════════════════════════════════════════

Module: perf_counters

OLD VHDL APPROACH (BUGGY):
  - Created register for EVERY assignment
  - Result: 6 registers for slib_clock_div
    • Register(iCounter) - initial
    • Register(iQ) - initial
    • Register(iQ_next1) - default assignment ❌
    • Register(iQ_next2) - pulse assignment ❌
    • Register(iCounter_n1) - max assignment ❌
    • Register(iCounter_n2) - increment ❌

NEW SHARED APPROACH (CORRECT):
  - Groups assignments by ORIGINAL signal name
  - Strips SSA suffixes (iCounter_7 → iCounter)
  - Filters out CSE temps (_cse_tempN)
  - Builds MUX tree for multiple assignments
  - Creates ONE register per ORIGINAL signal
  - Result: 1 registers
    • Register(perf_counter_q) ✅

  - CSE temps and SSA versions: 4 wires (not registers!)

✅ Bug fixed! Correct number of registers.
✅ This logic is shared by VHDL and SystemVerilog.
✅ No more language-specific register inference!

Register Inference Results:
  Registers: 1
  Wires: 37

Registers (original signals only):
  - npc_rst_load_q: 32 bits, clock=clk_i
      data = 32'0

Combinational wires (CSE temps and intermediate values):
  - _cse_temp9 = (_cse_temp5 ? unaligned_address_d_4 : unaligned_address_d_8)
  - _cse_temp8 = {_cse_temp7, 2'2}
  - _cse_temp12 = (_cse_temp4 ? unaligned_address_d_10 : unaligned_address_d_4)
  - _cse_temp17 = (unaligned_q_0 ? unaligned_instr_d_5 : unaligned_instr_d_15)
  - _cse_temp4 = instr_is_compressed_0[0:0]
  ... and 32 more wires

═══════════════════════════════════════════════════════════════
Comparison: New Register Inference vs Old VHDL Bug
═══════════════════════════════════════════════════════════════

Module: frontend

OLD VHDL APPROACH (BUGGY):
  - Created register for EVERY assignment
  - Result: 6 registers for slib_clock_div
    • Register(iCounter) - initial
    • Register(iQ) - initial
    • Register(iQ_next1) - default assignment ❌
    • Register(iQ_next2) - pulse assignment ❌
    • Register(iCounter_n1) - max assignment ❌
    • Register(iCounter_n2) - increment ❌

NEW SHARED APPROACH (CORRECT):
  - Groups assignments by ORIGINAL signal name
  - Strips SSA suffixes (iCounter_7 → iCounter)
  - Filters out CSE temps (_cse_tempN)
  - Builds MUX tree for multiple assignments
  - Creates ONE register per ORIGINAL signal
  - Result: 1 registers
    • Register(npc_rst_load_q) ✅

  - CSE temps and SSA versions: 37 wires (not registers!)

✅ Bug fixed! Correct number of registers.
✅ This logic is shared by VHDL and SystemVerilog.
✅ No more language-specific register inference!

Register Inference Results:
  Registers: 0
  Wires: 0

═══════════════════════════════════════════════════════════════
Comparison: New Register Inference vs Old VHDL Bug
═══════════════════════════════════════════════════════════════

Module: std_cache_subsystem__Cz1

OLD VHDL APPROACH (BUGGY):
  - Created register for EVERY assignment
  - Result: 6 registers for slib_clock_div
    • Register(iCounter) - initial
    • Register(iQ) - initial
    • Register(iQ_next1) - default assignment ❌
    • Register(iQ_next2) - pulse assignment ❌
    • Register(iCounter_n1) - max assignment ❌
    • Register(iCounter_n2) - increment ❌

NEW SHARED APPROACH (CORRECT):
  - Groups assignments by ORIGINAL signal name
  - Strips SSA suffixes (iCounter_7 → iCounter)
  - Filters out CSE temps (_cse_tempN)
  - Builds MUX tree for multiple assignments
  - Creates ONE register per ORIGINAL signal
  - Result: 0 registers

  - CSE temps and SSA versions: 0 wires (not registers!)

✅ Bug fixed! Correct number of registers.
✅ This logic is shared by VHDL and SystemVerilog.
✅ No more language-specific register inference!

Register Inference Results:
  Registers: 0
  Wires: 21

Combinational wires (CSE temps and intermediate values):
  - _cse_temp0 = fu_data_i_0[195:195]
  - _cse_temp3 = (_cse_temp1 & _cse_temp2)
  - _cse_temp4 = (_cse_temp1 | _cse_temp2)
  - _cse_temp0 = fu_data_i_0[195:195]
  - _cse_temp2 = fu_data_i_0[67:67]
  ... and 16 more wires

═══════════════════════════════════════════════════════════════
Comparison: New Register Inference vs Old VHDL Bug
═══════════════════════════════════════════════════════════════

Module: alu

OLD VHDL APPROACH (BUGGY):
  - Created register for EVERY assignment
  - Result: 6 registers for slib_clock_div
    • Register(iCounter) - initial
    • Register(iQ) - initial
    • Register(iQ_next1) - default assignment ❌
    • Register(iQ_next2) - pulse assignment ❌
    • Register(iCounter_n1) - max assignment ❌
    • Register(iCounter_n2) - increment ❌

NEW SHARED APPROACH (CORRECT):
  - Groups assignments by ORIGINAL signal name
  - Strips SSA suffixes (iCounter_7 → iCounter)
  - Filters out CSE temps (_cse_tempN)
  - Builds MUX tree for multiple assignments
  - Creates ONE register per ORIGINAL signal
  - Result: 0 registers

  - CSE temps and SSA versions: 21 wires (not registers!)

✅ Bug fixed! Correct number of registers.
✅ This logic is shared by VHDL and SystemVerilog.
✅ No more language-specific register inference!

Register Inference Results:
  Registers: 0
  Wires: 24

Combinational wires (CSE temps and intermediate values):
  - _cse_temp9 = (fu_valid_i_0 & _cse_temp8)
  - _cse_temp8 = branch_predict_i_0[67:67]
  - _cse_temp12 = (branch_valid_i_0 ? resolve_branch_o_5 : resolve_branch_o_6)
  - _cse_temp3 = (_cse_temp1 ? _cse_temp2 : pc_i_0)
  - _cse_temp4 = (is_compressed_instr_i_0 ? 64'2 : 64'4)
  ... and 19 more wires

═══════════════════════════════════════════════════════════════
Comparison: New Register Inference vs Old VHDL Bug
═══════════════════════════════════════════════════════════════

Module: branch_unit

OLD VHDL APPROACH (BUGGY):
  - Created register for EVERY assignment
  - Result: 6 registers for slib_clock_div
    • Register(iCounter) - initial
    • Register(iQ) - initial
    • Register(iQ_next1) - default assignment ❌
    • Register(iQ_next2) - pulse assignment ❌
    • Register(iCounter_n1) - max assignment ❌
    • Register(iCounter_n2) - increment ❌

NEW SHARED APPROACH (CORRECT):
  - Groups assignments by ORIGINAL signal name
  - Strips SSA suffixes (iCounter_7 → iCounter)
  - Filters out CSE temps (_cse_tempN)
  - Builds MUX tree for multiple assignments
  - Creates ONE register per ORIGINAL signal
  - Result: 0 registers

  - CSE temps and SSA versions: 24 wires (not registers!)

✅ Bug fixed! Correct number of registers.
✅ This logic is shared by VHDL and SystemVerilog.
✅ No more language-specific register inference!

Register Inference Results:
  Registers: 0
  Wires: 267

Combinational wires (CSE temps and intermediate values):
  - _cse_temp198 = {_cse_temp146, 9'35}
  - _cse_temp156 = {2'1, _cse_temp155}
  - _cse_temp69 = {_cse_temp12, 7'27}
  - _cse_temp17 = {3'3, _cse_temp16}
  - _cse_temp4 = {2'1, _cse_temp3}
  ... and 262 more wires

═══════════════════════════════════════════════════════════════
Comparison: New Register Inference vs Old VHDL Bug
═══════════════════════════════════════════════════════════════

Module: compressed_decoder

OLD VHDL APPROACH (BUGGY):
  - Created register for EVERY assignment
  - Result: 6 registers for slib_clock_div
    • Register(iCounter) - initial
    • Register(iQ) - initial
    • Register(iQ_next1) - default assignment ❌
    • Register(iQ_next2) - pulse assignment ❌
    • Register(iCounter_n1) - max assignment ❌
    • Register(iCounter_n2) - increment ❌

NEW SHARED APPROACH (CORRECT):
  - Groups assignments by ORIGINAL signal name
  - Strips SSA suffixes (iCounter_7 → iCounter)
  - Filters out CSE temps (_cse_tempN)
  - Builds MUX tree for multiple assignments
  - Creates ONE register per ORIGINAL signal
  - Result: 0 registers

  - CSE temps and SSA versions: 267 wires (not registers!)

✅ Bug fixed! Correct number of registers.
✅ This logic is shared by VHDL and SystemVerilog.
✅ No more language-specific register inference!

Register Inference Results:
  Registers: 1
  Wires: 6

Registers (original signals only):
  - csr_reg_q: 32 bits, clock=clk_i
      data = csr_reg_n_0

Combinational wires (CSE temps and intermediate values):
  - _cse_temp0 = csr_reg_q_0[0:0]
  - _cse_temp2 = (_cse_temp1 & (~csr_commit_i_0))
  - _cse_temp1 = (_cse_temp0 | csr_valid_i_0)
  ... and 1 more wires

═══════════════════════════════════════════════════════════════
Comparison: New Register Inference vs Old VHDL Bug
═══════════════════════════════════════════════════════════════

Module: csr_buffer

OLD VHDL APPROACH (BUGGY):
  - Created register for EVERY assignment
  - Result: 6 registers for slib_clock_div
    • Register(iCounter) - initial
    • Register(iQ) - initial
    • Register(iQ_next1) - default assignment ❌
    • Register(iQ_next2) - pulse assignment ❌
    • Register(iCounter_n1) - max assignment ❌
    • Register(iCounter_n2) - increment ❌

NEW SHARED APPROACH (CORRECT):
  - Groups assignments by ORIGINAL signal name
  - Strips SSA suffixes (iCounter_7 → iCounter)
  - Filters out CSE temps (_cse_tempN)
  - Builds MUX tree for multiple assignments
  - Creates ONE register per ORIGINAL signal
  - Result: 1 registers
    • Register(csr_reg_q) ✅

  - CSE temps and SSA versions: 6 wires (not registers!)

✅ Bug fixed! Correct number of registers.
✅ This logic is shared by VHDL and SystemVerilog.
✅ No more language-specific register inference!

Register Inference Results:
  Registers: 0
  Wires: 14

Combinational wires (CSE temps and intermediate values):
  - _cse_temp3 = (__VdfgExtracted_hf3b56f21__0_0 ? 32'0 : 32'1)
  - _cse_temp4 = (__VdfgExtracted_hf9cce1db__0_0 ? 32'0 : 32'1)
  - _cse_temp0 = ex_i_0[0:0]
  - _cse_temp2 = instruction_i_0[12:12]
  - _cse_temp5 = (__VdfgExtracted_h0f6c64e2__0_0 ? 32'0 : 32'1)
  ... and 9 more wires

═══════════════════════════════════════════════════════════════
Comparison: New Register Inference vs Old VHDL Bug
═══════════════════════════════════════════════════════════════

Module: decoder

OLD VHDL APPROACH (BUGGY):
  - Created register for EVERY assignment
  - Result: 6 registers for slib_clock_div
    • Register(iCounter) - initial
    • Register(iQ) - initial
    • Register(iQ_next1) - default assignment ❌
    • Register(iQ_next2) - pulse assignment ❌
    • Register(iCounter_n1) - max assignment ❌
    • Register(iCounter_n2) - increment ❌

NEW SHARED APPROACH (CORRECT):
  - Groups assignments by ORIGINAL signal name
  - Strips SSA suffixes (iCounter_7 → iCounter)
  - Filters out CSE temps (_cse_tempN)
  - Builds MUX tree for multiple assignments
  - Creates ONE register per ORIGINAL signal
  - Result: 0 registers

  - CSE temps and SSA versions: 14 wires (not registers!)

✅ Bug fixed! Correct number of registers.
✅ This logic is shared by VHDL and SystemVerilog.
✅ No more language-specific register inference!

Register Inference Results:
  Registers: 1
  Wires: 142

Registers (original signals only):
  - unaligned_q: 32 bits, clock=clk_i
      data = unaligned_n_0

Combinational wires (CSE temps and intermediate values):
  - _cse_temp17 = fetch_entry_i_0[70:70]
  - _cse_temp4 = fetch_entry_i_0[105:105]
  - _cse_temp53 = (unaligned_q_0 ? fetch_ack_o_42 : fetch_ack_o_59)
  - _cse_temp49 = (_cse_temp36 ? unaligned_address_n_55 : unaligned_address_n_3)
  - _cse_temp58 = (_cse_temp1 ? fetch_ack_o_20 : fetch_ack_o_64)
  ... and 137 more wires

═══════════════════════════════════════════════════════════════
Comparison: New Register Inference vs Old VHDL Bug
═══════════════════════════════════════════════════════════════

Module: instr_realigner

OLD VHDL APPROACH (BUGGY):
  - Created register for EVERY assignment
  - Result: 6 registers for slib_clock_div
    • Register(iCounter) - initial
    • Register(iQ) - initial
    • Register(iQ_next1) - default assignment ❌
    • Register(iQ_next2) - pulse assignment ❌
    • Register(iCounter_n1) - max assignment ❌
    • Register(iCounter_n2) - increment ❌

NEW SHARED APPROACH (CORRECT):
  - Groups assignments by ORIGINAL signal name
  - Strips SSA suffixes (iCounter_7 → iCounter)
  - Filters out CSE temps (_cse_tempN)
  - Builds MUX tree for multiple assignments
  - Creates ONE register per ORIGINAL signal
  - Result: 1 registers
    • Register(unaligned_q) ✅

  - CSE temps and SSA versions: 142 wires (not registers!)

✅ Bug fixed! Correct number of registers.
✅ This logic is shared by VHDL and SystemVerilog.
✅ No more language-specific register inference!

Register Inference Results:
  Registers: 3
  Wires: 60

Registers (original signals only):
  - branch_predict_o: 32 bits, clock=clk_i
      data = ((~rst_ni_0) ? 68'0 : (rst_ni_0 ? _cse_temp2 : _cse_temp3))
  - pc_o: 64 bits, clock=clk_i
      data = ((~rst_ni_0) ? 64'0 : _cse_temp5)
  - is_compressed_instr_o: 32 bits, clock=clk_i
      data = ((~rst_ni_0) ? 32'0 : _cse_temp4)

Combinational wires (CSE temps and intermediate values):
  - _cse_temp0 = issue_instr_i_0[291:291]
  - _cse_temp19 = (_cse_temp8 ? stall_13 : stall_10)
  - _cse_temp9 = ((~_cse_temp3) & _cse_temp8)
  - _cse_temp8 = (1'0 ? _cse_temp5 : _cse_temp7)
  - _cse_temp12 = (rs1_valid_i_0 & _cse_temp11)
  ... and 55 more wires

═══════════════════════════════════════════════════════════════
Comparison: New Register Inference vs Old VHDL Bug
═══════════════════════════════════════════════════════════════

Module: issue_read_operands

OLD VHDL APPROACH (BUGGY):
  - Created register for EVERY assignment
  - Result: 6 registers for slib_clock_div
    • Register(iCounter) - initial
    • Register(iQ) - initial
    • Register(iQ_next1) - default assignment ❌
    • Register(iQ_next2) - pulse assignment ❌
    • Register(iCounter_n1) - max assignment ❌
    • Register(iCounter_n2) - increment ❌

NEW SHARED APPROACH (CORRECT):
  - Groups assignments by ORIGINAL signal name
  - Strips SSA suffixes (iCounter_7 → iCounter)
  - Filters out CSE temps (_cse_tempN)
  - Builds MUX tree for multiple assignments
  - Creates ONE register per ORIGINAL signal
  - Result: 3 registers
    • Register(branch_predict_o) ✅
    • Register(pc_o) ✅
    • Register(is_compressed_instr_o) ✅

  - CSE temps and SSA versions: 60 wires (not registers!)

✅ Bug fixed! Correct number of registers.
✅ This logic is shared by VHDL and SystemVerilog.
✅ No more language-specific register inference!

Register Inference Results:
  Registers: 0
  Wires: 29

Combinational wires (CSE temps and intermediate values):
  - _cse_temp19 = lsu_ctrl_0[86:86]
  - _cse_temp9 = (_cse_temp1 ? misaligned_exception_5 : misaligned_exception_6)
  - _cse_temp8 = {_cse_temp7, 32'1}
  - _cse_temp12 = (en_ld_st_translation_i_0 & (~_cse_temp11))
  - _cse_temp3 = {64'4, _cse_temp2}
  ... and 24 more wires

═══════════════════════════════════════════════════════════════
Comparison: New Register Inference vs Old VHDL Bug
═══════════════════════════════════════════════════════════════

Module: load_store_unit

OLD VHDL APPROACH (BUGGY):
  - Created register for EVERY assignment
  - Result: 6 registers for slib_clock_div
    • Register(iCounter) - initial
    • Register(iQ) - initial
    • Register(iQ_next1) - default assignment ❌
    • Register(iQ_next2) - pulse assignment ❌
    • Register(iCounter_n1) - max assignment ❌
    • Register(iCounter_n2) - increment ❌

NEW SHARED APPROACH (CORRECT):
  - Groups assignments by ORIGINAL signal name
  - Strips SSA suffixes (iCounter_7 → iCounter)
  - Filters out CSE temps (_cse_tempN)
  - Builds MUX tree for multiple assignments
  - Creates ONE register per ORIGINAL signal
  - Result: 0 registers

  - CSE temps and SSA versions: 29 wires (not registers!)

✅ Bug fixed! Correct number of registers.
✅ This logic is shared by VHDL and SystemVerilog.
✅ No more language-specific register inference!

Register Inference Results:
  Registers: 1
  Wires: 23

Registers (original signals only):
  - word_op_q: 32 bits, clock=clk_i
      data = word_op_d_0

Combinational wires (CSE temps and intermediate values):
  - _cse_temp9 = (1'0 ? word_op_d_9 : 32'0)
  - _cse_temp8 = (1'0 ? operand_b_8 : operand_b_11)
  - _cse_temp3 = (div_signed_0 ? operand_a_3 : operand_a_5)
  - _cse_temp4 = (div_signed_0 ? operand_b_4 : operand_b_6)
  - _cse_temp0 = (mult_valid_i_0 & 1'0)
  ... and 18 more wires

═══════════════════════════════════════════════════════════════
Comparison: New Register Inference vs Old VHDL Bug
═══════════════════════════════════════════════════════════════

Module: mult

OLD VHDL APPROACH (BUGGY):
  - Created register for EVERY assignment
  - Result: 6 registers for slib_clock_div
    • Register(iCounter) - initial
    • Register(iQ) - initial
    • Register(iQ_next1) - default assignment ❌
    • Register(iQ_next2) - pulse assignment ❌
    • Register(iCounter_n1) - max assignment ❌
    • Register(iCounter_n2) - increment ❌

NEW SHARED APPROACH (CORRECT):
  - Groups assignments by ORIGINAL signal name
  - Strips SSA suffixes (iCounter_7 → iCounter)
  - Filters out CSE temps (_cse_tempN)
  - Builds MUX tree for multiple assignments
  - Creates ONE register per ORIGINAL signal
  - Result: 1 registers
    • Register(word_op_q) ✅

  - CSE temps and SSA versions: 23 wires (not registers!)

✅ Bug fixed! Correct number of registers.
✅ This logic is shared by VHDL and SystemVerilog.
✅ No more language-specific register inference!

Register Inference Results:
  Registers: 1
  Wires: 2

Registers (original signals only):
  - re_name_table_gpr_q: 32 bits, clock=clk_i
      data = re_name_table_gpr_n_0

Combinational wires (CSE temps and intermediate values):

═══════════════════════════════════════════════════════════════
Comparison: New Register Inference vs Old VHDL Bug
═══════════════════════════════════════════════════════════════

Module: re_name

OLD VHDL APPROACH (BUGGY):
  - Created register for EVERY assignment
  - Result: 6 registers for slib_clock_div
    • Register(iCounter) - initial
    • Register(iQ) - initial
    • Register(iQ_next1) - default assignment ❌
    • Register(iQ_next2) - pulse assignment ❌
    • Register(iCounter_n1) - max assignment ❌
    • Register(iCounter_n2) - increment ❌

NEW SHARED APPROACH (CORRECT):
  - Groups assignments by ORIGINAL signal name
  - Strips SSA suffixes (iCounter_7 → iCounter)
  - Filters out CSE temps (_cse_tempN)
  - Builds MUX tree for multiple assignments
  - Creates ONE register per ORIGINAL signal
  - Result: 1 registers
    • Register(re_name_table_gpr_q) ✅

  - CSE temps and SSA versions: 2 wires (not registers!)

✅ Bug fixed! Correct number of registers.
✅ This logic is shared by VHDL and SystemVerilog.
✅ No more language-specific register inference!

Register Inference Results:
  Registers: 0
  Wires: 0

═══════════════════════════════════════════════════════════════
Comparison: New Register Inference vs Old VHDL Bug
═══════════════════════════════════════════════════════════════

Module: instr_scan

OLD VHDL APPROACH (BUGGY):
  - Created register for EVERY assignment
  - Result: 6 registers for slib_clock_div
    • Register(iCounter) - initial
    • Register(iQ) - initial
    • Register(iQ_next1) - default assignment ❌
    • Register(iQ_next2) - pulse assignment ❌
    • Register(iCounter_n1) - max assignment ❌
    • Register(iCounter_n2) - increment ❌

NEW SHARED APPROACH (CORRECT):
  - Groups assignments by ORIGINAL signal name
  - Strips SSA suffixes (iCounter_7 → iCounter)
  - Filters out CSE temps (_cse_tempN)
  - Builds MUX tree for multiple assignments
  - Creates ONE register per ORIGINAL signal
  - Result: 0 registers

  - CSE temps and SSA versions: 0 wires (not registers!)

✅ Bug fixed! Correct number of registers.
✅ This logic is shared by VHDL and SystemVerilog.
✅ No more language-specific register inference!

Register Inference Results:
  Registers: 1
  Wires: 1

Registers (original signals only):
  - stack_q: 2 bits, clock=clk_i
      data = stack_d_0

Combinational wires (CSE temps and intermediate values):

═══════════════════════════════════════════════════════════════
Comparison: New Register Inference vs Old VHDL Bug
═══════════════════════════════════════════════════════════════

Module: ras

OLD VHDL APPROACH (BUGGY):
  - Created register for EVERY assignment
  - Result: 6 registers for slib_clock_div
    • Register(iCounter) - initial
    • Register(iQ) - initial
    • Register(iQ_next1) - default assignment ❌
    • Register(iQ_next2) - pulse assignment ❌
    • Register(iCounter_n1) - max assignment ❌
    • Register(iCounter_n2) - increment ❌

NEW SHARED APPROACH (CORRECT):
  - Groups assignments by ORIGINAL signal name
  - Strips SSA suffixes (iCounter_7 → iCounter)
  - Filters out CSE temps (_cse_tempN)
  - Builds MUX tree for multiple assignments
  - Creates ONE register per ORIGINAL signal
  - Result: 1 registers
    • Register(stack_q) ✅

  - CSE temps and SSA versions: 1 wires (not registers!)

✅ Bug fixed! Correct number of registers.
✅ This logic is shared by VHDL and SystemVerilog.
✅ No more language-specific register inference!

Register Inference Results:
  Registers: 1
  Wires: 31

Registers (original signals only):
  - state_q: 32 bits, clock=clk_i
      data = state_d_0

Combinational wires (CSE temps and intermediate values):
  - _cse_temp9 = (32'9 == state_q_0)
  - _cse_temp8 = (_cse_temp4 ? 32'0 : miss_o_34)
  - _cse_temp12 = (_cse_temp11 ? state_d_43 : 32'6)
  - _cse_temp3 = (en_i_0 | _cse_temp2)
  - _cse_temp4 = (_cse_temp1 & _cse_temp3)
  ... and 26 more wires

═══════════════════════════════════════════════════════════════
Comparison: New Register Inference vs Old VHDL Bug
═══════════════════════════════════════════════════════════════

Module: std_icache

OLD VHDL APPROACH (BUGGY):
  - Created register for EVERY assignment
  - Result: 6 registers for slib_clock_div
    • Register(iCounter) - initial
    • Register(iQ) - initial
    • Register(iQ_next1) - default assignment ❌
    • Register(iQ_next2) - pulse assignment ❌
    • Register(iCounter_n1) - max assignment ❌
    • Register(iCounter_n2) - increment ❌

NEW SHARED APPROACH (CORRECT):
  - Groups assignments by ORIGINAL signal name
  - Strips SSA suffixes (iCounter_7 → iCounter)
  - Filters out CSE temps (_cse_tempN)
  - Builds MUX tree for multiple assignments
  - Creates ONE register per ORIGINAL signal
  - Result: 1 registers
    • Register(state_q) ✅

  - CSE temps and SSA versions: 31 wires (not registers!)

✅ Bug fixed! Correct number of registers.
✅ This logic is shared by VHDL and SystemVerilog.
✅ No more language-specific register inference!

Register Inference Results:
  Registers: 0
  Wires: 0

═══════════════════════════════════════════════════════════════
Comparison: New Register Inference vs Old VHDL Bug
═══════════════════════════════════════════════════════════════

Module: std_nbdcache

OLD VHDL APPROACH (BUGGY):
  - Created register for EVERY assignment
  - Result: 6 registers for slib_clock_div
    • Register(iCounter) - initial
    • Register(iQ) - initial
    • Register(iQ_next1) - default assignment ❌
    • Register(iQ_next2) - pulse assignment ❌
    • Register(iCounter_n1) - max assignment ❌
    • Register(iCounter_n2) - increment ❌

NEW SHARED APPROACH (CORRECT):
  - Groups assignments by ORIGINAL signal name
  - Strips SSA suffixes (iCounter_7 → iCounter)
  - Filters out CSE temps (_cse_tempN)
  - Builds MUX tree for multiple assignments
  - Creates ONE register per ORIGINAL signal
  - Result: 0 registers

  - CSE temps and SSA versions: 0 wires (not registers!)

✅ Bug fixed! Correct number of registers.
✅ This logic is shared by VHDL and SystemVerilog.
✅ No more language-specific register inference!

Register Inference Results:
  Registers: 1
  Wires: 2

Registers (original signals only):
  - btb_q: 64 bits, clock=clk_i
      data = ((rst_ni_0 & (~flush_i_0)) ? btb_d_0 : _cse_temp0)

Combinational wires (CSE temps and intermediate values):
  - _cse_temp0 = (flush_i_0 ? btb_q_0 : btb_q_0)

═══════════════════════════════════════════════════════════════
Comparison: New Register Inference vs Old VHDL Bug
═══════════════════════════════════════════════════════════════

Module: btb__N40

OLD VHDL APPROACH (BUGGY):
  - Created register for EVERY assignment
  - Result: 6 registers for slib_clock_div
    • Register(iCounter) - initial
    • Register(iQ) - initial
    • Register(iQ_next1) - default assignment ❌
    • Register(iQ_next2) - pulse assignment ❌
    • Register(iCounter_n1) - max assignment ❌
    • Register(iCounter_n2) - increment ❌

NEW SHARED APPROACH (CORRECT):
  - Groups assignments by ORIGINAL signal name
  - Strips SSA suffixes (iCounter_7 → iCounter)
  - Filters out CSE temps (_cse_tempN)
  - Builds MUX tree for multiple assignments
  - Creates ONE register per ORIGINAL signal
  - Result: 1 registers
    • Register(btb_q) ✅

  - CSE temps and SSA versions: 2 wires (not registers!)

✅ Bug fixed! Correct number of registers.
✅ This logic is shared by VHDL and SystemVerilog.
✅ No more language-specific register inference!

Register Inference Results:
  Registers: 1
  Wires: 4

Registers (original signals only):
  - bht_q: 128 bits, clock=clk_i
      data = ((rst_ni_0 & (~flush_i_0)) ? bht_d_0 : _cse_temp0)

Combinational wires (CSE temps and intermediate values):
  - _cse_temp0 = 1'0[0:0]
  - _cse_temp0 = (flush_i_0 ? bht_q_0 : bht_q_0)

═══════════════════════════════════════════════════════════════
Comparison: New Register Inference vs Old VHDL Bug
═══════════════════════════════════════════════════════════════

Module: bht__N80

OLD VHDL APPROACH (BUGGY):
  - Created register for EVERY assignment
  - Result: 6 registers for slib_clock_div
    • Register(iCounter) - initial
    • Register(iQ) - initial
    • Register(iQ_next1) - default assignment ❌
    • Register(iQ_next2) - pulse assignment ❌
    • Register(iCounter_n1) - max assignment ❌
    • Register(iCounter_n2) - increment ❌

NEW SHARED APPROACH (CORRECT):
  - Groups assignments by ORIGINAL signal name
  - Strips SSA suffixes (iCounter_7 → iCounter)
  - Filters out CSE temps (_cse_tempN)
  - Builds MUX tree for multiple assignments
  - Creates ONE register per ORIGINAL signal
  - Result: 1 registers
    • Register(bht_q) ✅

  - CSE temps and SSA versions: 4 wires (not registers!)

✅ Bug fixed! Correct number of registers.
✅ This logic is shared by VHDL and SystemVerilog.
✅ No more language-specific register inference!

Register Inference Results:
  Registers: 1
  Wires: 26

Registers (original signals only):
  - issue_cnt_q: 3 bits, clock=clk_i
      data = issue_cnt_n_0

Combinational wires (CSE temps and intermediate values):
  - _cse_temp0 = (decoded_instr_valid_i_0 & (~unresolved_branch_i_0))
  - _cse_temp2 = (issue_ack_i_0 & (~sb_full_o_0))
  - _cse_temp1 = (_cse_temp0 & (~sb_full_o_0))
  - _cse_temp0 = (decoded_instr_valid_i_0 & decoded_instr_ack_o_0)
  - _cse_temp2 = (3'1 + issue_cnt_1)
  ... and 21 more wires

═══════════════════════════════════════════════════════════════
Comparison: New Register Inference vs Old VHDL Bug
═══════════════════════════════════════════════════════════════

Module: scoreboard__N8_NB4

OLD VHDL APPROACH (BUGGY):
  - Created register for EVERY assignment
  - Result: 6 registers for slib_clock_div
    • Register(iCounter) - initial
    • Register(iQ) - initial
    • Register(iQ_next1) - default assignment ❌
    • Register(iQ_next2) - pulse assignment ❌
    • Register(iCounter_n1) - max assignment ❌
    • Register(iCounter_n2) - increment ❌

NEW SHARED APPROACH (CORRECT):
  - Groups assignments by ORIGINAL signal name
  - Strips SSA suffixes (iCounter_7 → iCounter)
  - Filters out CSE temps (_cse_tempN)
  - Builds MUX tree for multiple assignments
  - Creates ONE register per ORIGINAL signal
  - Result: 1 registers
    • Register(issue_cnt_q) ✅

  - CSE temps and SSA versions: 26 wires (not registers!)

✅ Bug fixed! Correct number of registers.
✅ This logic is shared by VHDL and SystemVerilog.
✅ No more language-specific register inference!

Register Inference Results:
  Registers: 0
  Wires: 0

═══════════════════════════════════════════════════════════════
Comparison: New Register Inference vs Old VHDL Bug
═══════════════════════════════════════════════════════════════

Module: stream_arbiter__Tz3_N3

OLD VHDL APPROACH (BUGGY):
  - Created register for EVERY assignment
  - Result: 6 registers for slib_clock_div
    • Register(iCounter) - initial
    • Register(iQ) - initial
    • Register(iQ_next1) - default assignment ❌
    • Register(iQ_next2) - pulse assignment ❌
    • Register(iCounter_n1) - max assignment ❌
    • Register(iCounter_n2) - increment ❌

NEW SHARED APPROACH (CORRECT):
  - Groups assignments by ORIGINAL signal name
  - Strips SSA suffixes (iCounter_7 → iCounter)
  - Filters out CSE temps (_cse_tempN)
  - Builds MUX tree for multiple assignments
  - Creates ONE register per ORIGINAL signal
  - Result: 0 registers

  - CSE temps and SSA versions: 0 wires (not registers!)

✅ Bug fixed! Correct number of registers.
✅ This logic is shared by VHDL and SystemVerilog.
✅ No more language-specific register inference!

Register Inference Results:
  Registers: 0
  Wires: 0

═══════════════════════════════════════════════════════════════
Comparison: New Register Inference vs Old VHDL Bug
═══════════════════════════════════════════════════════════════

Module: stream_arbiter__Tz4_N3

OLD VHDL APPROACH (BUGGY):
  - Created register for EVERY assignment
  - Result: 6 registers for slib_clock_div
    • Register(iCounter) - initial
    • Register(iQ) - initial
    • Register(iQ_next1) - default assignment ❌
    • Register(iQ_next2) - pulse assignment ❌
    • Register(iCounter_n1) - max assignment ❌
    • Register(iCounter_n2) - increment ❌

NEW SHARED APPROACH (CORRECT):
  - Groups assignments by ORIGINAL signal name
  - Strips SSA suffixes (iCounter_7 → iCounter)
  - Filters out CSE temps (_cse_tempN)
  - Builds MUX tree for multiple assignments
  - Creates ONE register per ORIGINAL signal
  - Result: 0 registers

  - CSE temps and SSA versions: 0 wires (not registers!)

✅ Bug fixed! Correct number of registers.
✅ This logic is shared by VHDL and SystemVerilog.
✅ No more language-specific register inference!

Register Inference Results:
  Registers: 0
  Wires: 1

Combinational wires (CSE temps and intermediate values):

═══════════════════════════════════════════════════════════════
Comparison: New Register Inference vs Old VHDL Bug
═══════════════════════════════════════════════════════════════

Module: stream_mux__Tz5_N3

OLD VHDL APPROACH (BUGGY):
  - Created register for EVERY assignment
  - Result: 6 registers for slib_clock_div
    • Register(iCounter) - initial
    • Register(iQ) - initial
    • Register(iQ_next1) - default assignment ❌
    • Register(iQ_next2) - pulse assignment ❌
    • Register(iCounter_n1) - max assignment ❌
    • Register(iCounter_n2) - increment ❌

NEW SHARED APPROACH (CORRECT):
  - Groups assignments by ORIGINAL signal name
  - Strips SSA suffixes (iCounter_7 → iCounter)
  - Filters out CSE temps (_cse_tempN)
  - Builds MUX tree for multiple assignments
  - Creates ONE register per ORIGINAL signal
  - Result: 0 registers

  - CSE temps and SSA versions: 1 wires (not registers!)

✅ Bug fixed! Correct number of registers.
✅ This logic is shared by VHDL and SystemVerilog.
✅ No more language-specific register inference!

Register Inference Results:
  Registers: 0
  Wires: 1

Combinational wires (CSE temps and intermediate values):

═══════════════════════════════════════════════════════════════
Comparison: New Register Inference vs Old VHDL Bug
═══════════════════════════════════════════════════════════════

Module: stream_demux__N3

OLD VHDL APPROACH (BUGGY):
  - Created register for EVERY assignment
  - Result: 6 registers for slib_clock_div
    • Register(iCounter) - initial
    • Register(iQ) - initial
    • Register(iQ_next1) - default assignment ❌
    • Register(iQ_next2) - pulse assignment ❌
    • Register(iCounter_n1) - max assignment ❌
    • Register(iCounter_n2) - increment ❌

NEW SHARED APPROACH (CORRECT):
  - Groups assignments by ORIGINAL signal name
  - Strips SSA suffixes (iCounter_7 → iCounter)
  - Filters out CSE temps (_cse_tempN)
  - Builds MUX tree for multiple assignments
  - Creates ONE register per ORIGINAL signal
  - Result: 0 registers

  - CSE temps and SSA versions: 1 wires (not registers!)

✅ Bug fixed! Correct number of registers.
✅ This logic is shared by VHDL and SystemVerilog.
✅ No more language-specific register inference!

Register Inference Results:
  Registers: 1
  Wires: 17

Registers (original signals only):
  - mem_q: 2 bits, clock=clk_i
      data = mem_n_0

Combinational wires (CSE temps and intermediate values):
  - _cse_temp0 = (2'1 + status_cnt_0)
  - _cse_temp2 = (status_cnt_5 - 2'1)
  - _cse_temp1 = (32'1 + read_pointer_2)
  - _cse_temp0 = mem_q_0[0:0]
  - _cse_temp1 = (ready_o_0 ? lsu_ctrl_o_1 : lsu_ctrl_o_1)
  ... and 12 more wires

═══════════════════════════════════════════════════════════════
Comparison: New Register Inference vs Old VHDL Bug
═══════════════════════════════════════════════════════════════

Module: lsu_bypass

OLD VHDL APPROACH (BUGGY):
  - Created register for EVERY assignment
  - Result: 6 registers for slib_clock_div
    • Register(iCounter) - initial
    • Register(iQ) - initial
    • Register(iQ_next1) - default assignment ❌
    • Register(iQ_next2) - pulse assignment ❌
    • Register(iCounter_n1) - max assignment ❌
    • Register(iCounter_n2) - increment ❌

NEW SHARED APPROACH (CORRECT):
  - Groups assignments by ORIGINAL signal name
  - Strips SSA suffixes (iCounter_7 → iCounter)
  - Filters out CSE temps (_cse_tempN)
  - Builds MUX tree for multiple assignments
  - Creates ONE register per ORIGINAL signal
  - Result: 1 registers
    • Register(mem_q) ✅

  - CSE temps and SSA versions: 17 wires (not registers!)

✅ Bug fixed! Correct number of registers.
✅ This logic is shared by VHDL and SystemVerilog.
✅ No more language-specific register inference!

Register Inference Results:
  Registers: 1
  Wires: 69

Registers (original signals only):
  - state_q: 32 bits, clock=clk_i
      data = state_d_0

Combinational wires (CSE temps and intermediate values):
  - _cse_temp9 = (_cse_temp6 ? state_d_32 : 32'1)
  - _cse_temp8 = (dtlb_hit_i_0 ? state_d_29 : 32'4)
  - _cse_temp12 = (valid_i_0 ? pop_ld_o_35 : 32'0)
  - _cse_temp4 = (page_offset_matches_i_0 ? state_d_5 : state_d_11)
  - _cse_temp6 = req_port_i_0[65:65]
  ... and 64 more wires

═══════════════════════════════════════════════════════════════
Comparison: New Register Inference vs Old VHDL Bug
═══════════════════════════════════════════════════════════════

Module: load_unit

OLD VHDL APPROACH (BUGGY):
  - Created register for EVERY assignment
  - Result: 6 registers for slib_clock_div
    • Register(iCounter) - initial
    • Register(iQ) - initial
    • Register(iQ_next1) - default assignment ❌
    • Register(iQ_next2) - pulse assignment ❌
    • Register(iCounter_n1) - max assignment ❌
    • Register(iCounter_n2) - increment ❌

NEW SHARED APPROACH (CORRECT):
  - Groups assignments by ORIGINAL signal name
  - Strips SSA suffixes (iCounter_7 → iCounter)
  - Filters out CSE temps (_cse_tempN)
  - Builds MUX tree for multiple assignments
  - Creates ONE register per ORIGINAL signal
  - Result: 1 registers
    • Register(state_q) ✅

  - CSE temps and SSA versions: 69 wires (not registers!)

✅ Bug fixed! Correct number of registers.
✅ This logic is shared by VHDL and SystemVerilog.
✅ No more language-specific register inference!

Register Inference Results:
  Registers: 0
  Wires: 12

Combinational wires (CSE temps and intermediate values):
  - _cse_temp3 = (_cse_temp1 ? sign_b_3 : 32'0)
  - _cse_temp0 = (32'68 == operator_i_0)
  - _cse_temp2 = (_cse_temp1 ? sign_a_4 : 32'0)
  - _cse_temp1 = (32'70 == operator_i_0)
  - _cse_temp0 = mult_result_q_0[64:64]
  ... and 7 more wires

═══════════════════════════════════════════════════════════════
Comparison: New Register Inference vs Old VHDL Bug
═══════════════════════════════════════════════════════════════

Module: multiplier

OLD VHDL APPROACH (BUGGY):
  - Created register for EVERY assignment
  - Result: 6 registers for slib_clock_div
    • Register(iCounter) - initial
    • Register(iQ) - initial
    • Register(iQ_next1) - default assignment ❌
    • Register(iQ_next2) - pulse assignment ❌
    • Register(iCounter_n1) - max assignment ❌
    • Register(iCounter_n2) - increment ❌

NEW SHARED APPROACH (CORRECT):
  - Groups assignments by ORIGINAL signal name
  - Strips SSA suffixes (iCounter_7 → iCounter)
  - Filters out CSE temps (_cse_tempN)
  - Builds MUX tree for multiple assignments
  - Creates ONE register per ORIGINAL signal
  - Result: 0 registers

  - CSE temps and SSA versions: 12 wires (not registers!)

✅ Bug fixed! Correct number of registers.
✅ This logic is shared by VHDL and SystemVerilog.
✅ No more language-specific register inference!

Register Inference Results:
  Registers: 1
  Wires: 11

Registers (original signals only):
  - state_q: 32 bits, clock=clk_i
      data = state_d_0

Combinational wires (CSE temps and intermediate values):
  ... and 6 more wires

═══════════════════════════════════════════════════════════════
Comparison: New Register Inference vs Old VHDL Bug
═══════════════════════════════════════════════════════════════

Module: serdiv

OLD VHDL APPROACH (BUGGY):
  - Created register for EVERY assignment
  - Result: 6 registers for slib_clock_div
    • Register(iCounter) - initial
    • Register(iQ) - initial
    • Register(iQ_next1) - default assignment ❌
    • Register(iQ_next2) - pulse assignment ❌
    • Register(iCounter_n1) - max assignment ❌
    • Register(iCounter_n2) - increment ❌

NEW SHARED APPROACH (CORRECT):
  - Groups assignments by ORIGINAL signal name
  - Strips SSA suffixes (iCounter_7 → iCounter)
  - Filters out CSE temps (_cse_tempN)
  - Builds MUX tree for multiple assignments
  - Creates ONE register per ORIGINAL signal
  - Result: 1 registers
    • Register(state_q) ✅

  - CSE temps and SSA versions: 11 wires (not registers!)

✅ Bug fixed! Correct number of registers.
✅ This logic is shared by VHDL and SystemVerilog.
✅ No more language-specific register inference!

Register Inference Results:
  Registers: 1
  Wires: 30

Registers (original signals only):
  - state_q: 32 bits, clock=clk_i
      data = state_d_0

Combinational wires (CSE temps and intermediate values):
  - _cse_temp3 = ex_i_0[0:0]
  - _cse_temp4 = (32'0 != state_q_0)
  - _cse_temp0 = (valid_i_0 ? pop_st_o_14 : pop_st_o_12)
  - _cse_temp2 = (_cse_temp1 ? pop_st_o_26 : pop_st_o_24)
  - _cse_temp5 = (_cse_temp3 & _cse_temp4)
  ... and 25 more wires

═══════════════════════════════════════════════════════════════
Comparison: New Register Inference vs Old VHDL Bug
═══════════════════════════════════════════════════════════════

Module: store_unit

OLD VHDL APPROACH (BUGGY):
  - Created register for EVERY assignment
  - Result: 6 registers for slib_clock_div
    • Register(iCounter) - initial
    • Register(iQ) - initial
    • Register(iQ_next1) - default assignment ❌
    • Register(iQ_next2) - pulse assignment ❌
    • Register(iCounter_n1) - max assignment ❌
    • Register(iCounter_n2) - increment ❌

NEW SHARED APPROACH (CORRECT):
  - Groups assignments by ORIGINAL signal name
  - Strips SSA suffixes (iCounter_7 → iCounter)
  - Filters out CSE temps (_cse_tempN)
  - Builds MUX tree for multiple assignments
  - Creates ONE register per ORIGINAL signal
  - Result: 1 registers
    • Register(state_q) ✅

  - CSE temps and SSA versions: 30 wires (not registers!)

✅ Bug fixed! Correct number of registers.
✅ This logic is shared by VHDL and SystemVerilog.
✅ No more language-specific register inference!

Register Inference Results:
  Registers: 1
  Wires: 89

Registers (original signals only):
  - mshr_q: 32 bits, clock=clk_i
      data = mshr_d_0

Combinational wires (CSE temps and intermediate values):
  - _cse_temp17 = amo_req_i_0[128:128]
  - _cse_temp4 = mshr_q_0[72:72]
  - _cse_temp23 = (32'2 == _cse_temp21)
  - _cse_temp7 = {data_miss_fsm_0, 2'2}
  - _cse_temp21 = amo_req_i_0[130:130]
  ... and 84 more wires

═══════════════════════════════════════════════════════════════
Comparison: New Register Inference vs Old VHDL Bug
═══════════════════════════════════════════════════════════════

Module: miss_handler

OLD VHDL APPROACH (BUGGY):
  - Created register for EVERY assignment
  - Result: 6 registers for slib_clock_div
    • Register(iCounter) - initial
    • Register(iQ) - initial
    • Register(iQ_next1) - default assignment ❌
    • Register(iQ_next2) - pulse assignment ❌
    • Register(iCounter_n1) - max assignment ❌
    • Register(iCounter_n2) - increment ❌

NEW SHARED APPROACH (CORRECT):
  - Groups assignments by ORIGINAL signal name
  - Strips SSA suffixes (iCounter_7 → iCounter)
  - Filters out CSE temps (_cse_tempN)
  - Builds MUX tree for multiple assignments
  - Creates ONE register per ORIGINAL signal
  - Result: 1 registers
    • Register(mshr_q) ✅

  - CSE temps and SSA versions: 89 wires (not registers!)

✅ Bug fixed! Correct number of registers.
✅ This logic is shared by VHDL and SystemVerilog.
✅ No more language-specific register inference!

Register Inference Results:
  Registers: 0
  Wires: 0

═══════════════════════════════════════════════════════════════
Comparison: New Register Inference vs Old VHDL Bug
═══════════════════════════════════════════════════════════════

Module: ariane_regfile__D40_NB2_Z1

OLD VHDL APPROACH (BUGGY):
  - Created register for EVERY assignment
  - Result: 6 registers for slib_clock_div
    • Register(iCounter) - initial
    • Register(iQ) - initial
    • Register(iQ_next1) - default assignment ❌
    • Register(iQ_next2) - pulse assignment ❌
    • Register(iCounter_n1) - max assignment ❌
    • Register(iCounter_n2) - increment ❌

NEW SHARED APPROACH (CORRECT):
  - Groups assignments by ORIGINAL signal name
  - Strips SSA suffixes (iCounter_7 → iCounter)
  - Filters out CSE temps (_cse_tempN)
  - Builds MUX tree for multiple assignments
  - Creates ONE register per ORIGINAL signal
  - Result: 0 registers

  - CSE temps and SSA versions: 0 wires (not registers!)

✅ Bug fixed! Correct number of registers.
✅ This logic is shared by VHDL and SystemVerilog.
✅ No more language-specific register inference!

Register Inference Results:
  Registers: 1
  Wires: 66

Registers (original signals only):
  - lsu_vaddr_q: 64 bits, clock=clk_i
      data = lsu_vaddr_n_0

Combinational wires (CSE temps and intermediate values):
  - _cse_temp8 = (_cse_temp1 & _cse_temp7)
  - _cse_temp3 = itlb_content_0[4:4]
  - _cse_temp4 = (_cse_temp2 & (~_cse_temp3))
  - _cse_temp0 = {icache_areq_i_0, 129'0}
  - _cse_temp6 = (_cse_temp5 & _cse_temp3)
  ... and 61 more wires

═══════════════════════════════════════════════════════════════
Comparison: New Register Inference vs Old VHDL Bug
═══════════════════════════════════════════════════════════════

Module: mmu__I10_D10_A1

OLD VHDL APPROACH (BUGGY):
  - Created register for EVERY assignment
  - Result: 6 registers for slib_clock_div
    • Register(iCounter) - initial
    • Register(iQ) - initial
    • Register(iQ_next1) - default assignment ❌
    • Register(iQ_next2) - pulse assignment ❌
    • Register(iCounter_n1) - max assignment ❌
    • Register(iCounter_n2) - increment ❌

NEW SHARED APPROACH (CORRECT):
  - Groups assignments by ORIGINAL signal name
  - Strips SSA suffixes (iCounter_7 → iCounter)
  - Filters out CSE temps (_cse_tempN)
  - Builds MUX tree for multiple assignments
  - Creates ONE register per ORIGINAL signal
  - Result: 1 registers
    • Register(lsu_vaddr_q) ✅

  - CSE temps and SSA versions: 66 wires (not registers!)

✅ Bug fixed! Correct number of registers.
✅ This logic is shared by VHDL and SystemVerilog.
✅ No more language-specific register inference!

Register Inference Results:
  Registers: 0
  Wires: 0

═══════════════════════════════════════════════════════════════
Comparison: New Register Inference vs Old VHDL Bug
═══════════════════════════════════════════════════════════════

Module: pipe_reg_simple__Tz6

OLD VHDL APPROACH (BUGGY):
  - Created register for EVERY assignment
  - Result: 6 registers for slib_clock_div
    • Register(iCounter) - initial
    • Register(iQ) - initial
    • Register(iQ_next1) - default assignment ❌
    • Register(iQ_next2) - pulse assignment ❌
    • Register(iCounter_n1) - max assignment ❌
    • Register(iCounter_n2) - increment ❌

NEW SHARED APPROACH (CORRECT):
  - Groups assignments by ORIGINAL signal name
  - Strips SSA suffixes (iCounter_7 → iCounter)
  - Filters out CSE temps (_cse_tempN)
  - Builds MUX tree for multiple assignments
  - Creates ONE register per ORIGINAL signal
  - Result: 0 registers

  - CSE temps and SSA versions: 0 wires (not registers!)

✅ Bug fixed! Correct number of registers.
✅ This logic is shared by VHDL and SystemVerilog.
✅ No more language-specific register inference!

Register Inference Results:
  Registers: 0
  Wires: 0

═══════════════════════════════════════════════════════════════
Comparison: New Register Inference vs Old VHDL Bug
═══════════════════════════════════════════════════════════════

Module: pipe_reg_simple__Tz6_D0

OLD VHDL APPROACH (BUGGY):
  - Created register for EVERY assignment
  - Result: 6 registers for slib_clock_div
    • Register(iCounter) - initial
    • Register(iQ) - initial
    • Register(iQ_next1) - default assignment ❌
    • Register(iQ_next2) - pulse assignment ❌
    • Register(iCounter_n1) - max assignment ❌
    • Register(iCounter_n2) - increment ❌

NEW SHARED APPROACH (CORRECT):
  - Groups assignments by ORIGINAL signal name
  - Strips SSA suffixes (iCounter_7 → iCounter)
  - Filters out CSE temps (_cse_tempN)
  - Builds MUX tree for multiple assignments
  - Creates ONE register per ORIGINAL signal
  - Result: 0 registers

  - CSE temps and SSA versions: 0 wires (not registers!)

✅ Bug fixed! Correct number of registers.
✅ This logic is shared by VHDL and SystemVerilog.
✅ No more language-specific register inference!

Register Inference Results:
  Registers: 1
  Wires: 69

Registers (original signals only):
  - state_q: 32 bits, clock=clk_i
      data = state_d_0

Combinational wires (CSE temps and intermediate values):
  - _cse_temp17 = {tag_o_19, _cse_temp16}
  - _cse_temp4 = (_cse_temp3 ? 32'5 : 32'2)
  - _cse_temp23 = (mshr_index_matches_i_0 ? 8'0 : req_o_38)
  - _cse_temp7 = mem_req_q_0[65:65]
  - _cse_temp21 = {_cse_temp9, _cse_temp20}
  ... and 64 more wires

═══════════════════════════════════════════════════════════════
Comparison: New Register Inference vs Old VHDL Bug
═══════════════════════════════════════════════════════════════

Module: cache_ctrl__Cz1

OLD VHDL APPROACH (BUGGY):
  - Created register for EVERY assignment
  - Result: 6 registers for slib_clock_div
    • Register(iCounter) - initial
    • Register(iQ) - initial
    • Register(iQ_next1) - default assignment ❌
    • Register(iQ_next2) - pulse assignment ❌
    • Register(iCounter_n1) - max assignment ❌
    • Register(iCounter_n2) - increment ❌

NEW SHARED APPROACH (CORRECT):
  - Groups assignments by ORIGINAL signal name
  - Strips SSA suffixes (iCounter_7 → iCounter)
  - Filters out CSE temps (_cse_tempN)
  - Builds MUX tree for multiple assignments
  - Creates ONE register per ORIGINAL signal
  - Result: 1 registers
    • Register(state_q) ✅

  - CSE temps and SSA versions: 69 wires (not registers!)

✅ Bug fixed! Correct number of registers.
✅ This logic is shared by VHDL and SystemVerilog.
✅ No more language-specific register inference!

Register Inference Results:
  Registers: 0
  Wires: 6

Combinational wires (CSE temps and intermediate values):
  ... and 1 more wires

═══════════════════════════════════════════════════════════════
Comparison: New Register Inference vs Old VHDL Bug
═══════════════════════════════════════════════════════════════

Module: tag_cmp__N4_Ac_D8

OLD VHDL APPROACH (BUGGY):
  - Created register for EVERY assignment
  - Result: 6 registers for slib_clock_div
    • Register(iCounter) - initial
    • Register(iQ) - initial
    • Register(iQ_next1) - default assignment ❌
    • Register(iQ_next2) - pulse assignment ❌
    • Register(iCounter_n1) - max assignment ❌
    • Register(iCounter_n2) - increment ❌

NEW SHARED APPROACH (CORRECT):
  - Groups assignments by ORIGINAL signal name
  - Strips SSA suffixes (iCounter_7 → iCounter)
  - Filters out CSE temps (_cse_tempN)
  - Builds MUX tree for multiple assignments
  - Creates ONE register per ORIGINAL signal
  - Result: 0 registers

  - CSE temps and SSA versions: 6 wires (not registers!)

✅ Bug fixed! Correct number of registers.
✅ This logic is shared by VHDL and SystemVerilog.
✅ No more language-specific register inference!

Register Inference Results:
  Registers: 0
  Wires: 0

═══════════════════════════════════════════════════════════════
Comparison: New Register Inference vs Old VHDL Bug
═══════════════════════════════════════════════════════════════

Module: amo_buffer

OLD VHDL APPROACH (BUGGY):
  - Created register for EVERY assignment
  - Result: 6 registers for slib_clock_div
    • Register(iCounter) - initial
    • Register(iQ) - initial
    • Register(iQ_next1) - default assignment ❌
    • Register(iQ_next2) - pulse assignment ❌
    • Register(iCounter_n1) - max assignment ❌
    • Register(iCounter_n2) - increment ❌

NEW SHARED APPROACH (CORRECT):
  - Groups assignments by ORIGINAL signal name
  - Strips SSA suffixes (iCounter_7 → iCounter)
  - Filters out CSE temps (_cse_tempN)
  - Builds MUX tree for multiple assignments
  - Creates ONE register per ORIGINAL signal
  - Result: 0 registers

  - CSE temps and SSA versions: 0 wires (not registers!)

✅ Bug fixed! Correct number of registers.
✅ This logic is shared by VHDL and SystemVerilog.
✅ No more language-specific register inference!

Register Inference Results:
  Registers: 2
  Wires: 26

Registers (original signals only):
  - speculative_queue_q: 4 bits, clock=clk_i
      data = speculative_queue_n_0
  - commit_queue_q: 8 bits, clock=clk_i
      data = commit_queue_n_0

Combinational wires (CSE temps and intermediate values):
  - _cse_temp3 = (speculative_status_cnt_7 - 5'1)
  - _cse_temp0 = (3'3 > speculative_status_cnt_q_0)
  - _cse_temp2 = (5'1 + speculative_status_cnt_0)
  - _cse_temp1 = (_cse_temp0 | commit_i_0)
  - _cse_temp3 = req_port_i_0[65:65]
  ... and 21 more wires

═══════════════════════════════════════════════════════════════
Comparison: New Register Inference vs Old VHDL Bug
═══════════════════════════════════════════════════════════════

Module: store_buffer

OLD VHDL APPROACH (BUGGY):
  - Created register for EVERY assignment
  - Result: 6 registers for slib_clock_div
    • Register(iCounter) - initial
    • Register(iQ) - initial
    • Register(iQ_next1) - default assignment ❌
    • Register(iQ_next2) - pulse assignment ❌
    • Register(iCounter_n1) - max assignment ❌
    • Register(iCounter_n2) - increment ❌

NEW SHARED APPROACH (CORRECT):
  - Groups assignments by ORIGINAL signal name
  - Strips SSA suffixes (iCounter_7 → iCounter)
  - Filters out CSE temps (_cse_tempN)
  - Builds MUX tree for multiple assignments
  - Creates ONE register per ORIGINAL signal
  - Result: 2 registers
    • Register(speculative_queue_q) ✅
    • Register(commit_queue_q) ✅

  - CSE temps and SSA versions: 26 wires (not registers!)

✅ Bug fixed! Correct number of registers.
✅ This logic is shared by VHDL and SystemVerilog.
✅ No more language-specific register inference!

Register Inference Results:
  Registers: 0
  Wires: 15

Combinational wires (CSE temps and intermediate values):
  - _cse_temp3 = adder_sum_0[64:64]
  - _cse_temp4 = (_cse_temp3 ? amo_operand_b_i_0 : amo_operand_a_i_0)
  - _cse_temp0 = (amo_operand_a_i_0 & amo_operand_b_i_0)
  - _cse_temp2 = (amo_operand_a_i_0 ^ amo_operand_b_i_0)
  - _cse_temp5 = (_cse_temp3 ? amo_operand_a_i_0 : amo_operand_b_i_0)
  ... and 10 more wires

═══════════════════════════════════════════════════════════════
Comparison: New Register Inference vs Old VHDL Bug
═══════════════════════════════════════════════════════════════

Module: amo_alu

OLD VHDL APPROACH (BUGGY):
  - Created register for EVERY assignment
  - Result: 6 registers for slib_clock_div
    • Register(iCounter) - initial
    • Register(iQ) - initial
    • Register(iQ_next1) - default assignment ❌
    • Register(iQ_next2) - pulse assignment ❌
    • Register(iCounter_n1) - max assignment ❌
    • Register(iCounter_n2) - increment ❌

NEW SHARED APPROACH (CORRECT):
  - Groups assignments by ORIGINAL signal name
  - Strips SSA suffixes (iCounter_7 → iCounter)
  - Filters out CSE temps (_cse_tempN)
  - Builds MUX tree for multiple assignments
  - Creates ONE register per ORIGINAL signal
  - Result: 0 registers

  - CSE temps and SSA versions: 15 wires (not registers!)

✅ Bug fixed! Correct number of registers.
✅ This logic is shared by VHDL and SystemVerilog.
✅ No more language-specific register inference!

Register Inference Results:
  Registers: 0
  Wires: 2

Combinational wires (CSE temps and intermediate values):
  - _cse_temp0 = rdata_aligned_0[0:0]

═══════════════════════════════════════════════════════════════
Comparison: New Register Inference vs Old VHDL Bug
═══════════════════════════════════════════════════════════════

Module: sram__D2d_N100

OLD VHDL APPROACH (BUGGY):
  - Created register for EVERY assignment
  - Result: 6 registers for slib_clock_div
    • Register(iCounter) - initial
    • Register(iQ) - initial
    • Register(iQ_next1) - default assignment ❌
    • Register(iQ_next2) - pulse assignment ❌
    • Register(iCounter_n1) - max assignment ❌
    • Register(iCounter_n2) - increment ❌

NEW SHARED APPROACH (CORRECT):
  - Groups assignments by ORIGINAL signal name
  - Strips SSA suffixes (iCounter_7 → iCounter)
  - Filters out CSE temps (_cse_tempN)
  - Builds MUX tree for multiple assignments
  - Creates ONE register per ORIGINAL signal
  - Result: 0 registers

  - CSE temps and SSA versions: 2 wires (not registers!)

✅ Bug fixed! Correct number of registers.
✅ This logic is shared by VHDL and SystemVerilog.
✅ No more language-specific register inference!

Register Inference Results:
  Registers: 0
  Wires: 1

Combinational wires (CSE temps and intermediate values):

═══════════════════════════════════════════════════════════════
Comparison: New Register Inference vs Old VHDL Bug
═══════════════════════════════════════════════════════════════

Module: sram__D80_N100

OLD VHDL APPROACH (BUGGY):
  - Created register for EVERY assignment
  - Result: 6 registers for slib_clock_div
    • Register(iCounter) - initial
    • Register(iQ) - initial
    • Register(iQ_next1) - default assignment ❌
    • Register(iQ_next2) - pulse assignment ❌
    • Register(iCounter_n1) - max assignment ❌
    • Register(iCounter_n2) - increment ❌

NEW SHARED APPROACH (CORRECT):
  - Groups assignments by ORIGINAL signal name
  - Strips SSA suffixes (iCounter_7 → iCounter)
  - Filters out CSE temps (_cse_tempN)
  - Builds MUX tree for multiple assignments
  - Creates ONE register per ORIGINAL signal
  - Result: 0 registers

  - CSE temps and SSA versions: 1 wires (not registers!)

✅ Bug fixed! Correct number of registers.
✅ This logic is shared by VHDL and SystemVerilog.
✅ No more language-specific register inference!

Register Inference Results:
  Registers: 1
  Wires: 11

Registers (original signals only):
  - shift_q: 8 bits, clock=clk_i
      data = shift_d_0

Combinational wires (CSE temps and intermediate values):
  - _cse_temp3 = shift_q_0[2:2]
  - _cse_temp4 = (_cse_temp2 ^ _cse_temp3)
  - _cse_temp0 = shift_q_0[7:7]
  - _cse_temp6 = (_cse_temp4 ^ _cse_temp5)
  - _cse_temp7 = shift_q_0[0:0]
  ... and 6 more wires

═══════════════════════════════════════════════════════════════
Comparison: New Register Inference vs Old VHDL Bug
═══════════════════════════════════════════════════════════════

Module: lfsr_8bit__W4

OLD VHDL APPROACH (BUGGY):
  - Created register for EVERY assignment
  - Result: 6 registers for slib_clock_div
    • Register(iCounter) - initial
    • Register(iQ) - initial
    • Register(iQ_next1) - default assignment ❌
    • Register(iQ_next2) - pulse assignment ❌
    • Register(iCounter_n1) - max assignment ❌
    • Register(iCounter_n2) - increment ❌

NEW SHARED APPROACH (CORRECT):
  - Groups assignments by ORIGINAL signal name
  - Strips SSA suffixes (iCounter_7 → iCounter)
  - Filters out CSE temps (_cse_tempN)
  - Builds MUX tree for multiple assignments
  - Creates ONE register per ORIGINAL signal
  - Result: 1 registers
    • Register(shift_q) ✅

  - CSE temps and SSA versions: 11 wires (not registers!)

✅ Bug fixed! Correct number of registers.
✅ This logic is shared by VHDL and SystemVerilog.
✅ No more language-specific register inference!

Register Inference Results:
  Registers: 0
  Wires: 2

Combinational wires (CSE temps and intermediate values):
  - _cse_temp0 = rdata_aligned_0[0:0]

═══════════════════════════════════════════════════════════════
Comparison: New Register Inference vs Old VHDL Bug
═══════════════════════════════════════════════════════════════

Module: sram__D2c_N100

OLD VHDL APPROACH (BUGGY):
  - Created register for EVERY assignment
  - Result: 6 registers for slib_clock_div
    • Register(iCounter) - initial
    • Register(iQ) - initial
    • Register(iQ_next1) - default assignment ❌
    • Register(iQ_next2) - pulse assignment ❌
    • Register(iCounter_n1) - max assignment ❌
    • Register(iCounter_n2) - increment ❌

NEW SHARED APPROACH (CORRECT):
  - Groups assignments by ORIGINAL signal name
  - Strips SSA suffixes (iCounter_7 → iCounter)
  - Filters out CSE temps (_cse_tempN)
  - Builds MUX tree for multiple assignments
  - Creates ONE register per ORIGINAL signal
  - Result: 0 registers

  - CSE temps and SSA versions: 2 wires (not registers!)

✅ Bug fixed! Correct number of registers.
✅ This logic is shared by VHDL and SystemVerilog.
✅ No more language-specific register inference!

Register Inference Results:
  Registers: 0
  Wires: 1

Combinational wires (CSE temps and intermediate values):

═══════════════════════════════════════════════════════════════
Comparison: New Register Inference vs Old VHDL Bug
═══════════════════════════════════════════════════════════════

Module: sram__D40_N100

OLD VHDL APPROACH (BUGGY):
  - Created register for EVERY assignment
  - Result: 6 registers for slib_clock_div
    • Register(iCounter) - initial
    • Register(iQ) - initial
    • Register(iQ_next1) - default assignment ❌
    • Register(iQ_next2) - pulse assignment ❌
    • Register(iCounter_n1) - max assignment ❌
    • Register(iCounter_n2) - increment ❌

NEW SHARED APPROACH (CORRECT):
  - Groups assignments by ORIGINAL signal name
  - Strips SSA suffixes (iCounter_7 → iCounter)
  - Filters out CSE temps (_cse_tempN)
  - Builds MUX tree for multiple assignments
  - Creates ONE register per ORIGINAL signal
  - Result: 0 registers

  - CSE temps and SSA versions: 1 wires (not registers!)

✅ Bug fixed! Correct number of registers.
✅ This logic is shared by VHDL and SystemVerilog.
✅ No more language-specific register inference!

Register Inference Results:
  Registers: 3
  Wires: 0

Registers (original signals only):
  - arb_sel_lock_q: 2 bits, clock=clk_i
      data = arb_sel_lock_d_0
  - arb_sel_q: 2 bits, clock=clk_i
      data = arb_sel_d_0
  - lock_q: 32 bits, clock=clk_i
      data = lock_d_0

═══════════════════════════════════════════════════════════════
Comparison: New Register Inference vs Old VHDL Bug
═══════════════════════════════════════════════════════════════

Module: rrarbiter__N3_L1

OLD VHDL APPROACH (BUGGY):
  - Created register for EVERY assignment
  - Result: 6 registers for slib_clock_div
    • Register(iCounter) - initial
    • Register(iQ) - initial
    • Register(iQ_next1) - default assignment ❌
    • Register(iQ_next2) - pulse assignment ❌
    • Register(iCounter_n1) - max assignment ❌
    • Register(iCounter_n2) - increment ❌

NEW SHARED APPROACH (CORRECT):
  - Groups assignments by ORIGINAL signal name
  - Strips SSA suffixes (iCounter_7 → iCounter)
  - Filters out CSE temps (_cse_tempN)
  - Builds MUX tree for multiple assignments
  - Creates ONE register per ORIGINAL signal
  - Result: 3 registers
    • Register(arb_sel_lock_q) ✅
    • Register(arb_sel_q) ✅
    • Register(lock_q) ✅

  - CSE temps and SSA versions: 0 wires (not registers!)

✅ Bug fixed! Correct number of registers.
✅ This logic is shared by VHDL and SystemVerilog.
✅ No more language-specific register inference!

Register Inference Results:
  Registers: 1
  Wires: 6

Registers (original signals only):
  - tags_q: 16 bits, clock=clk_i
      data = tags_n_0

Combinational wires (CSE temps and intermediate values):
  ... and 1 more wires

═══════════════════════════════════════════════════════════════
Comparison: New Register Inference vs Old VHDL Bug
═══════════════════════════════════════════════════════════════

Module: tlb__T10_A1

OLD VHDL APPROACH (BUGGY):
  - Created register for EVERY assignment
  - Result: 6 registers for slib_clock_div
    • Register(iCounter) - initial
    • Register(iQ) - initial
    • Register(iQ_next1) - default assignment ❌
    • Register(iQ_next2) - pulse assignment ❌
    • Register(iCounter_n1) - max assignment ❌
    • Register(iCounter_n2) - increment ❌

NEW SHARED APPROACH (CORRECT):
  - Groups assignments by ORIGINAL signal name
  - Strips SSA suffixes (iCounter_7 → iCounter)
  - Filters out CSE temps (_cse_tempN)
  - Builds MUX tree for multiple assignments
  - Creates ONE register per ORIGINAL signal
  - Result: 1 registers
    • Register(tags_q) ✅

  - CSE temps and SSA versions: 6 wires (not registers!)

✅ Bug fixed! Correct number of registers.
✅ This logic is shared by VHDL and SystemVerilog.
✅ No more language-specific register inference!

Register Inference Results:
  Registers: 1
  Wires: 70

Registers (original signals only):
  - state_q: 32 bits, clock=clk_i
      data = state_d_0

Combinational wires (CSE temps and intermediate values):
  - _cse_temp17 = data_rdata_q_0[10:10]
  - _cse_temp4 = {_cse_temp3, 3'0}
  - _cse_temp23 = (_cse_temp19 ? state_d_40 : state_d_41)
  - _cse_temp7 = (_cse_temp6 & (~dtlb_hit_i_0))
  - _cse_temp21 = (9'0 != _cse_temp17)
  ... and 65 more wires

═══════════════════════════════════════════════════════════════
Comparison: New Register Inference vs Old VHDL Bug
═══════════════════════════════════════════════════════════════

Module: ptw__A1

OLD VHDL APPROACH (BUGGY):
  - Created register for EVERY assignment
  - Result: 6 registers for slib_clock_div
    • Register(iCounter) - initial
    • Register(iQ) - initial
    • Register(iQ_next1) - default assignment ❌
    • Register(iQ_next2) - pulse assignment ❌
    • Register(iCounter_n1) - max assignment ❌
    • Register(iCounter_n2) - increment ❌

NEW SHARED APPROACH (CORRECT):
  - Groups assignments by ORIGINAL signal name
  - Strips SSA suffixes (iCounter_7 → iCounter)
  - Filters out CSE temps (_cse_tempN)
  - Builds MUX tree for multiple assignments
  - Creates ONE register per ORIGINAL signal
  - Result: 1 registers
    • Register(state_q) ✅

  - CSE temps and SSA versions: 70 wires (not registers!)

✅ Bug fixed! Correct number of registers.
✅ This logic is shared by VHDL and SystemVerilog.
✅ No more language-specific register inference!

Register Inference Results:
  Registers: 1
  Wires: 28

Registers (original signals only):
  - state_q: 32 bits, clock=clk_i
      data = state_d_0

Combinational wires (CSE temps and intermediate values):
  - _cse_temp9 = data_size_i_0[0:0]
  - _cse_temp8 = data_be_i_0[0:0]
  - _cse_temp3 = req_q_0[9:9]
  - _cse_temp4 = req_q_0[0:0]
  - _cse_temp0 = req_q_0[75:75]
  ... and 23 more wires

═══════════════════════════════════════════════════════════════
Comparison: New Register Inference vs Old VHDL Bug
═══════════════════════════════════════════════════════════════

Module: arbiter__N3

OLD VHDL APPROACH (BUGGY):
  - Created register for EVERY assignment
  - Result: 6 registers for slib_clock_div
    • Register(iCounter) - initial
    • Register(iQ) - initial
    • Register(iQ_next1) - default assignment ❌
    • Register(iQ_next2) - pulse assignment ❌
    • Register(iCounter_n1) - max assignment ❌
    • Register(iCounter_n2) - increment ❌

NEW SHARED APPROACH (CORRECT):
  - Groups assignments by ORIGINAL signal name
  - Strips SSA suffixes (iCounter_7 → iCounter)
  - Filters out CSE temps (_cse_tempN)
  - Builds MUX tree for multiple assignments
  - Creates ONE register per ORIGINAL signal
  - Result: 1 registers
    • Register(state_q) ✅

  - CSE temps and SSA versions: 28 wires (not registers!)

✅ Bug fixed! Correct number of registers.
✅ This logic is shared by VHDL and SystemVerilog.
✅ No more language-specific register inference!

Register Inference Results:
  Registers: 1
  Wires: 73

Registers (original signals only):
  - state_q: 32 bits, clock=clk_i
      data = state_d_0

Combinational wires (CSE temps and intermediate values):
  - _cse_temp17 = {_cse_temp15, _cse_temp16}
  - _cse_temp4 = axi_resp_i_0[79:79]
  - _cse_temp23 = axi_resp_i_0[71:71]
  - _cse_temp7 = axi_resp_i_0[80:80]
  - _cse_temp21 = axi_resp_i_0[78:78]
  ... and 68 more wires

═══════════════════════════════════════════════════════════════
Comparison: New Register Inference vs Old VHDL Bug
═══════════════════════════════════════════════════════════════

Module: axi_adapter__D40_A4_CB4

OLD VHDL APPROACH (BUGGY):
  - Created register for EVERY assignment
  - Result: 6 registers for slib_clock_div
    • Register(iCounter) - initial
    • Register(iQ) - initial
    • Register(iQ_next1) - default assignment ❌
    • Register(iQ_next2) - pulse assignment ❌
    • Register(iCounter_n1) - max assignment ❌
    • Register(iCounter_n2) - increment ❌

NEW SHARED APPROACH (CORRECT):
  - Groups assignments by ORIGINAL signal name
  - Strips SSA suffixes (iCounter_7 → iCounter)
  - Filters out CSE temps (_cse_tempN)
  - Builds MUX tree for multiple assignments
  - Creates ONE register per ORIGINAL signal
  - Result: 1 registers
    • Register(state_q) ✅

  - CSE temps and SSA versions: 73 wires (not registers!)

✅ Bug fixed! Correct number of registers.
✅ This logic is shared by VHDL and SystemVerilog.
✅ No more language-specific register inference!

Register Inference Results:
  Registers: 1
  Wires: 68

Registers (original signals only):
  - state_q: 32 bits, clock=clk_i
      data = state_d_0

Combinational wires (CSE temps and intermediate values):
  - _cse_temp17 = {_cse_temp15, _cse_temp16}
  - _cse_temp4 = axi_resp_i_0[79:79]
  - _cse_temp23 = axi_resp_i_0[71:71]
  - _cse_temp7 = axi_resp_i_0[80:80]
  - _cse_temp21 = axi_resp_i_0[78:78]
  ... and 63 more wires

═══════════════════════════════════════════════════════════════
Comparison: New Register Inference vs Old VHDL Bug
═══════════════════════════════════════════════════════════════

Module: axi_adapter__D80_A4_CB4

OLD VHDL APPROACH (BUGGY):
  - Created register for EVERY assignment
  - Result: 6 registers for slib_clock_div
    • Register(iCounter) - initial
    • Register(iQ) - initial
    • Register(iQ_next1) - default assignment ❌
    • Register(iQ_next2) - pulse assignment ❌
    • Register(iCounter_n1) - max assignment ❌
    • Register(iCounter_n2) - increment ❌

NEW SHARED APPROACH (CORRECT):
  - Groups assignments by ORIGINAL signal name
  - Strips SSA suffixes (iCounter_7 → iCounter)
  - Filters out CSE temps (_cse_tempN)
  - Builds MUX tree for multiple assignments
  - Creates ONE register per ORIGINAL signal
  - Result: 1 registers
    • Register(state_q) ✅

  - CSE temps and SSA versions: 68 wires (not registers!)

✅ Bug fixed! Correct number of registers.
✅ This logic is shared by VHDL and SystemVerilog.
✅ No more language-specific register inference!

Register Inference Results:
  Registers: 1
  Wires: 11

Registers (original signals only):
  - shift_q: 8 bits, clock=clk_i
      data = shift_d_0

Combinational wires (CSE temps and intermediate values):
  - _cse_temp3 = shift_q_0[2:2]
  - _cse_temp4 = (_cse_temp2 ^ _cse_temp3)
  - _cse_temp0 = shift_q_0[7:7]
  - _cse_temp6 = (_cse_temp4 ^ _cse_temp5)
  - _cse_temp7 = shift_q_0[0:0]
  ... and 6 more wires

═══════════════════════════════════════════════════════════════
Comparison: New Register Inference vs Old VHDL Bug
═══════════════════════════════════════════════════════════════

Module: lfsr_8bit__W8

OLD VHDL APPROACH (BUGGY):
  - Created register for EVERY assignment
  - Result: 6 registers for slib_clock_div
    • Register(iCounter) - initial
    • Register(iQ) - initial
    • Register(iQ_next1) - default assignment ❌
    • Register(iQ_next2) - pulse assignment ❌
    • Register(iCounter_n1) - max assignment ❌
    • Register(iCounter_n2) - increment ❌

NEW SHARED APPROACH (CORRECT):
  - Groups assignments by ORIGINAL signal name
  - Strips SSA suffixes (iCounter_7 → iCounter)
  - Filters out CSE temps (_cse_tempN)
  - Builds MUX tree for multiple assignments
  - Creates ONE register per ORIGINAL signal
  - Result: 1 registers
    • Register(shift_q) ✅

  - CSE temps and SSA versions: 11 wires (not registers!)

✅ Bug fixed! Correct number of registers.
✅ This logic is shared by VHDL and SystemVerilog.
✅ No more language-specific register inference!

Register Inference Results:
  Registers: 0
  Wires: 0

═══════════════════════════════════════════════════════════════
Comparison: New Register Inference vs Old VHDL Bug
═══════════════════════════════════════════════════════════════

Module: lzc__W4

OLD VHDL APPROACH (BUGGY):
  - Created register for EVERY assignment
  - Result: 6 registers for slib_clock_div
    • Register(iCounter) - initial
    • Register(iQ) - initial
    • Register(iQ_next1) - default assignment ❌
    • Register(iQ_next2) - pulse assignment ❌
    • Register(iCounter_n1) - max assignment ❌
    • Register(iCounter_n2) - increment ❌

NEW SHARED APPROACH (CORRECT):
  - Groups assignments by ORIGINAL signal name
  - Strips SSA suffixes (iCounter_7 → iCounter)
  - Filters out CSE temps (_cse_tempN)
  - Builds MUX tree for multiple assignments
  - Creates ONE register per ORIGINAL signal
  - Result: 0 registers

  - CSE temps and SSA versions: 0 wires (not registers!)

✅ Bug fixed! Correct number of registers.
✅ This logic is shared by VHDL and SystemVerilog.
✅ No more language-specific register inference!

Register Inference Results:
  Registers: 0
  Wires: 0

═══════════════════════════════════════════════════════════════
Comparison: New Register Inference vs Old VHDL Bug
═══════════════════════════════════════════════════════════════

Module: lzc__M1_W40

OLD VHDL APPROACH (BUGGY):
  - Created register for EVERY assignment
  - Result: 6 registers for slib_clock_div
    • Register(iCounter) - initial
    • Register(iQ) - initial
    • Register(iQ_next1) - default assignment ❌
    • Register(iQ_next2) - pulse assignment ❌
    • Register(iCounter_n1) - max assignment ❌
    • Register(iCounter_n2) - increment ❌

NEW SHARED APPROACH (CORRECT):
  - Groups assignments by ORIGINAL signal name
  - Strips SSA suffixes (iCounter_7 → iCounter)
  - Filters out CSE temps (_cse_tempN)
  - Builds MUX tree for multiple assignments
  - Creates ONE register per ORIGINAL signal
  - Result: 0 registers

  - CSE temps and SSA versions: 0 wires (not registers!)

✅ Bug fixed! Correct number of registers.
✅ This logic is shared by VHDL and SystemVerilog.
✅ No more language-specific register inference!

Register Inference Results:
  Registers: 1
  Wires: 1

Registers (original signals only):
  - RdData_DN: 64 bits, clock=Clk_CI
      data = (Rst_RBI_0 ? _cse_temp0 : 1'0)

Combinational wires (CSE temps and intermediate values):
  - _cse_temp0 = (CSel_SI_0 ? RdData_DN_0 : RdData_DN_0)

═══════════════════════════════════════════════════════════════
Comparison: New Register Inference vs Old VHDL Bug
═══════════════════════════════════════════════════════════════

Module: SyncSpRamBeNx64__A8_D100_S2

OLD VHDL APPROACH (BUGGY):
  - Created register for EVERY assignment
  - Result: 6 registers for slib_clock_div
    • Register(iCounter) - initial
    • Register(iQ) - initial
    • Register(iQ_next1) - default assignment ❌
    • Register(iQ_next2) - pulse assignment ❌
    • Register(iCounter_n1) - max assignment ❌
    • Register(iCounter_n2) - increment ❌

NEW SHARED APPROACH (CORRECT):
  - Groups assignments by ORIGINAL signal name
  - Strips SSA suffixes (iCounter_7 → iCounter)
  - Filters out CSE temps (_cse_tempN)
  - Builds MUX tree for multiple assignments
  - Creates ONE register per ORIGINAL signal
  - Result: 1 registers
    • Register(RdData_DN) ✅

  - CSE temps and SSA versions: 1 wires (not registers!)

✅ Bug fixed! Correct number of registers.
✅ This logic is shared by VHDL and SystemVerilog.
✅ No more language-specific register inference!

Register Inference Results:
  Registers: 0
  Wires: 0

═══════════════════════════════════════════════════════════════
Comparison: New Register Inference vs Old VHDL Bug
═══════════════════════════════════════════════════════════════

Module: lzc__W3

OLD VHDL APPROACH (BUGGY):
  - Created register for EVERY assignment
  - Result: 6 registers for slib_clock_div
    • Register(iCounter) - initial
    • Register(iQ) - initial
    • Register(iQ_next1) - default assignment ❌
    • Register(iQ_next2) - pulse assignment ❌
    • Register(iCounter_n1) - max assignment ❌
    • Register(iCounter_n2) - increment ❌

NEW SHARED APPROACH (CORRECT):
  - Groups assignments by ORIGINAL signal name
  - Strips SSA suffixes (iCounter_7 → iCounter)
  - Filters out CSE temps (_cse_tempN)
  - Builds MUX tree for multiple assignments
  - Creates ONE register per ORIGINAL signal
  - Result: 0 registers

  - CSE temps and SSA versions: 0 wires (not registers!)

✅ Bug fixed! Correct number of registers.
✅ This logic is shared by VHDL and SystemVerilog.
✅ No more language-specific register inference!

Register Inference Results:
  Registers: 0
  Wires: 0

═══════════════════════════════════════════════════════════════
Comparison: New Register Inference vs Old VHDL Bug
═══════════════════════════════════════════════════════════════

Module: fifo_v2__Tz2

OLD VHDL APPROACH (BUGGY):
  - Created register for EVERY assignment
  - Result: 6 registers for slib_clock_div
    • Register(iCounter) - initial
    • Register(iQ) - initial
    • Register(iQ_next1) - default assignment ❌
    • Register(iQ_next2) - pulse assignment ❌
    • Register(iCounter_n1) - max assignment ❌
    • Register(iCounter_n2) - increment ❌

NEW SHARED APPROACH (CORRECT):
  - Groups assignments by ORIGINAL signal name
  - Strips SSA suffixes (iCounter_7 → iCounter)
  - Filters out CSE temps (_cse_tempN)
  - Builds MUX tree for multiple assignments
  - Creates ONE register per ORIGINAL signal
  - Result: 0 registers

  - CSE temps and SSA versions: 0 wires (not registers!)

✅ Bug fixed! Correct number of registers.
✅ This logic is shared by VHDL and SystemVerilog.
✅ No more language-specific register inference!

Register Inference Results:
  Registers: 0
  Wires: 0

═══════════════════════════════════════════════════════════════
Comparison: New Register Inference vs Old VHDL Bug
═══════════════════════════════════════════════════════════════

Module: fifo_v2__DB1_A0_AB0_Tz7

OLD VHDL APPROACH (BUGGY):
  - Created register for EVERY assignment
  - Result: 6 registers for slib_clock_div
    • Register(iCounter) - initial
    • Register(iQ) - initial
    • Register(iQ_next1) - default assignment ❌
    • Register(iQ_next2) - pulse assignment ❌
    • Register(iCounter_n1) - max assignment ❌
    • Register(iCounter_n2) - increment ❌

NEW SHARED APPROACH (CORRECT):
  - Groups assignments by ORIGINAL signal name
  - Strips SSA suffixes (iCounter_7 → iCounter)
  - Filters out CSE temps (_cse_tempN)
  - Builds MUX tree for multiple assignments
  - Creates ONE register per ORIGINAL signal
  - Result: 0 registers

  - CSE temps and SSA versions: 0 wires (not registers!)

✅ Bug fixed! Correct number of registers.
✅ This logic is shared by VHDL and SystemVerilog.
✅ No more language-specific register inference!

Register Inference Results:
  Registers: 4
  Wires: 3

Registers (original signals only):
  - status_cnt_q: 3 bits, clock=clk_i
      data = status_cnt_n_0
  - read_pointer_q: 2 bits, clock=clk_i
      data = ((rst_ni_0 & (~flush_i_0)) ? read_pointer_n_0 : 2'0)
  - write_pointer_q: 2 bits, clock=clk_i
      data = write_pointer_n_0
  - mem_q: 4 bits, clock=clk_i
      data = mem_n_0

Combinational wires (CSE temps and intermediate values):
  - _cse_temp0 = mem_q_0[0:0]

═══════════════════════════════════════════════════════════════
Comparison: New Register Inference vs Old VHDL Bug
═══════════════════════════════════════════════════════════════

Module: fifo_v3__D2_DB4

OLD VHDL APPROACH (BUGGY):
  - Created register for EVERY assignment
  - Result: 6 registers for slib_clock_div
    • Register(iCounter) - initial
    • Register(iQ) - initial
    • Register(iQ_next1) - default assignment ❌
    • Register(iQ_next2) - pulse assignment ❌
    • Register(iCounter_n1) - max assignment ❌
    • Register(iCounter_n2) - increment ❌

NEW SHARED APPROACH (CORRECT):
  - Groups assignments by ORIGINAL signal name
  - Strips SSA suffixes (iCounter_7 → iCounter)
  - Filters out CSE temps (_cse_tempN)
  - Builds MUX tree for multiple assignments
  - Creates ONE register per ORIGINAL signal
  - Result: 4 registers
    • Register(status_cnt_q) ✅
    • Register(read_pointer_q) ✅
    • Register(write_pointer_q) ✅
    • Register(mem_q) ✅

  - CSE temps and SSA versions: 3 wires (not registers!)

✅ Bug fixed! Correct number of registers.
✅ This logic is shared by VHDL and SystemVerilog.
✅ No more language-specific register inference!

Register Inference Results:
  Registers: 4
  Wires: 3

Registers (original signals only):
  - status_cnt_q: 4 bits, clock=clk_i
      data = status_cnt_n_0
  - read_pointer_q: 3 bits, clock=clk_i
      data = ((rst_ni_0 & (~flush_i_0)) ? read_pointer_n_0 : 3'0)
  - write_pointer_q: 3 bits, clock=clk_i
      data = write_pointer_n_0
  - mem_q: 8 bits, clock=clk_i
      data = mem_n_0

Combinational wires (CSE temps and intermediate values):
  - _cse_temp0 = mem_q_0[0:0]

═══════════════════════════════════════════════════════════════
Comparison: New Register Inference vs Old VHDL Bug
═══════════════════════════════════════════════════════════════

Module: fifo_v3__Fz8_D20_DB8_Tz2

OLD VHDL APPROACH (BUGGY):
  - Created register for EVERY assignment
  - Result: 6 registers for slib_clock_div
    • Register(iCounter) - initial
    • Register(iQ) - initial
    • Register(iQ_next1) - default assignment ❌
    • Register(iQ_next2) - pulse assignment ❌
    • Register(iCounter_n1) - max assignment ❌
    • Register(iCounter_n2) - increment ❌

NEW SHARED APPROACH (CORRECT):
  - Groups assignments by ORIGINAL signal name
  - Strips SSA suffixes (iCounter_7 → iCounter)
  - Filters out CSE temps (_cse_tempN)
  - Builds MUX tree for multiple assignments
  - Creates ONE register per ORIGINAL signal
  - Result: 4 registers
    • Register(status_cnt_q) ✅
    • Register(read_pointer_q) ✅
    • Register(write_pointer_q) ✅
    • Register(mem_q) ✅

  - CSE temps and SSA versions: 3 wires (not registers!)

✅ Bug fixed! Correct number of registers.
✅ This logic is shared by VHDL and SystemVerilog.
✅ No more language-specific register inference!

Register Inference Results:
  Registers: 4
  Wires: 3

Registers (original signals only):
  - status_cnt_q: 2 bits, clock=clk_i
      data = status_cnt_n_0
  - read_pointer_q: 1 bits, clock=clk_i
      data = ((rst_ni_0 & (~flush_i_0)) ? read_pointer_n_0 : 32'0)
  - write_pointer_q: 1 bits, clock=clk_i
      data = write_pointer_n_0
  - mem_q: 1 bits, clock=clk_i
      data = mem_n_0

Combinational wires (CSE temps and intermediate values):
  - _cse_temp0 = mem_q_0[0:0]

═══════════════════════════════════════════════════════════════
Comparison: New Register Inference vs Old VHDL Bug
═══════════════════════════════════════════════════════════════

Module: fifo_v3__Fz8_D20_DB1_Tz7

OLD VHDL APPROACH (BUGGY):
  - Created register for EVERY assignment
  - Result: 6 registers for slib_clock_div
    • Register(iCounter) - initial
    • Register(iQ) - initial
    • Register(iQ_next1) - default assignment ❌
    • Register(iQ_next2) - pulse assignment ❌
    • Register(iCounter_n1) - max assignment ❌
    • Register(iCounter_n2) - increment ❌

NEW SHARED APPROACH (CORRECT):
  - Groups assignments by ORIGINAL signal name
  - Strips SSA suffixes (iCounter_7 → iCounter)
  - Filters out CSE temps (_cse_tempN)
  - Builds MUX tree for multiple assignments
  - Creates ONE register per ORIGINAL signal
  - Result: 4 registers
    • Register(status_cnt_q) ✅
    • Register(read_pointer_q) ✅
    • Register(write_pointer_q) ✅
    • Register(mem_q) ✅

  - CSE temps and SSA versions: 3 wires (not registers!)

✅ Bug fixed! Correct number of registers.
✅ This logic is shared by VHDL and SystemVerilog.
✅ No more language-specific register inference!

✓ Optimization complete

[3/3] Register Inference...

Register Inference Results:
  Registers: 1
  Wires: 0

Registers (original signals only):
  - mode: 32 bits, clock=clk_i

═══════════════════════════════════════════════════════════════
Comparison: Old opt_ir vs New Behavioral IR
═══════════════════════════════════════════════════════════════

OLD APPROACH (behavioural_to_opt_ir.ml):
  • Converted Verilator JSON → opt_ir (dataflow graph)
  • No high-level optimization passes
  • No SSA, no DCE, no CSE
  • Register inference at opt_ir level

NEW APPROACH (verilator_to_behavioral.ml):
  • Converts Verilator JSON → Behavioral IR
  • ✅ SSA construction
  • ✅ Constant propagation
  • ✅ Dead code elimination
  • ✅ Common subexpression elimination
  • ✅ Register inference: 1 registers

Benefits:
  ✅ Language-neutral IR (same as VHDL/SV)
  ✅ Shared optimization infrastructure
  ✅ Module-level DCE with cross-process analysis
  ✅ Can use Z3 miter verification
  ✅ Can compare Verilator vs Verible frontends

═══════════════════════════════════════════════════════════════
  ✅ SUCCESS
═══════════════════════════════════════════════════════════════

Verilator JSON successfully processed through behavioral IR!
Module ariane: 1 registers, 0 wires

