═══════════════════════════════════════════════════════════════
  Verilator JSON → Behavioral IR → Optimization
═══════════════════════════════════════════════════════════════

Input: ariane_verilator_json/fpu_ff.json

[1/3] Converting Verilator JSON to Behavioral IR...
✓ Conversion successful (1 modules)

Module: fpu_ff
  Signals: 13
  Processes: 0

[2/3] Running Optimization Pipeline...
Constant propagation iteration 1: 0 changes
Dead code elimination: 0 statements removed (0 → 0)
Common subexpression elimination: 0 expressions reused
Register Inference Results:
  Registers: 0
  Wires: 0

═══════════════════════════════════════════════════════════════
Comparison: New Register Inference vs Old VHDL Bug
═══════════════════════════════════════════════════════════════

Module: fpu_ff

OLD VHDL APPROACH (BUGGY):
  - Created register for EVERY assignment
  - Result: 6 registers for slib_clock_div
    • Register(iCounter) - initial
    • Register(iQ) - initial
    • Register(iQ_next1) - default assignment ❌
    • Register(iQ_next2) - pulse assignment ❌
    • Register(iCounter_n1) - max assignment ❌
    • Register(iCounter_n2) - increment ❌

NEW SHARED APPROACH (CORRECT):
  - Groups assignments by ORIGINAL signal name
  - Strips SSA suffixes (iCounter_7 → iCounter)
  - Filters out CSE temps (_cse_tempN)
  - Builds MUX tree for multiple assignments
  - Creates ONE register per ORIGINAL signal
  - Result: 0 registers

  - CSE temps and SSA versions: 0 wires (not registers!)

✅ Bug fixed! Correct number of registers.
✅ This logic is shared by VHDL and SystemVerilog.
✅ No more language-specific register inference!

✓ Optimization complete

[3/3] Register Inference...

Register Inference Results:
  Registers: 0
  Wires: 0

═══════════════════════════════════════════════════════════════
Comparison: Old opt_ir vs New Behavioral IR
═══════════════════════════════════════════════════════════════

OLD APPROACH (behavioural_to_opt_ir.ml):
  • Converted Verilator JSON → opt_ir (dataflow graph)
  • No high-level optimization passes
  • No SSA, no DCE, no CSE
  • Register inference at opt_ir level

NEW APPROACH (verilator_to_behavioral.ml):
  • Converts Verilator JSON → Behavioral IR
  • ✅ SSA construction
  • ✅ Constant propagation
  • ✅ Dead code elimination
  • ✅ Common subexpression elimination
  • ✅ Register inference: 0 registers

Benefits:
  ✅ Language-neutral IR (same as VHDL/SV)
  ✅ Shared optimization infrastructure
  ✅ Module-level DCE with cross-process analysis
  ✅ Can use Z3 miter verification
  ✅ Can compare Verilator vs Verible frontends

═══════════════════════════════════════════════════════════════
  ✅ SUCCESS
═══════════════════════════════════════════════════════════════

Verilator JSON successfully processed through behavioral IR!
Module fpu_ff: 0 registers, 0 wires

