═══════════════════════════════════════════════════════════════
  Verilator JSON → Behavioral IR → Optimization
═══════════════════════════════════════════════════════════════

Input: ariane_verilator_json/spill_register.json

[1/3] Converting Verilator JSON to Behavioral IR...
✓ Conversion successful (1 modules)

Module: spill_register
  Signals: 19
  Processes: 4

[2/3] Running Optimization Pipeline...
Constant propagation iteration 1: 8 changes
Constant propagation iteration 2: 0 changes
Dead code elimination: 12 statements removed (24 → 12)
Common subexpression elimination: 0 expressions reused
Register Inference Results:
  Registers: 4
  Wires: 2

Registers (original signals only):
  - a_data_q: 32 bits, clock=clk_i
      data = data_i_0
  - a_full_q: 32 bits, clock=clk_i
      data = a_fill_0
  - b_data_q: 32 bits, clock=clk_i
      data = a_data_q_0
  - b_full_q: 32 bits, clock=clk_i
      data = b_fill_0

Combinational wires (CSE temps and intermediate values):
  - _cse_temp0 = (a_fill_0 | a_drain_0)
  - _cse_temp0 = (b_fill_0 | b_drain_0)

═══════════════════════════════════════════════════════════════
Comparison: New Register Inference vs Old VHDL Bug
═══════════════════════════════════════════════════════════════

Module: spill_register

OLD VHDL APPROACH (BUGGY):
  - Created register for EVERY assignment
  - Result: 6 registers for slib_clock_div
    • Register(iCounter) - initial
    • Register(iQ) - initial
    • Register(iQ_next1) - default assignment ❌
    • Register(iQ_next2) - pulse assignment ❌
    • Register(iCounter_n1) - max assignment ❌
    • Register(iCounter_n2) - increment ❌

NEW SHARED APPROACH (CORRECT):
  - Groups assignments by ORIGINAL signal name
  - Strips SSA suffixes (iCounter_7 → iCounter)
  - Filters out CSE temps (_cse_tempN)
  - Builds MUX tree for multiple assignments
  - Creates ONE register per ORIGINAL signal
  - Result: 4 registers
    • Register(a_data_q) ✅
    • Register(a_full_q) ✅
    • Register(b_data_q) ✅
    • Register(b_full_q) ✅

  - CSE temps and SSA versions: 2 wires (not registers!)

✅ Bug fixed! Correct number of registers.
✅ This logic is shared by VHDL and SystemVerilog.
✅ No more language-specific register inference!

✓ Optimization complete

[3/3] Register Inference...

Register Inference Results:
  Registers: 4
  Wires: 2

Registers (original signals only):
  - b_full_q: 32 bits, clock=clk_i
  - b_data_q: 32 bits, clock=clk_i
  - a_full_q: 32 bits, clock=clk_i
  - a_data_q: 32 bits, clock=clk_i

═══════════════════════════════════════════════════════════════
Comparison: Old opt_ir vs New Behavioral IR
═══════════════════════════════════════════════════════════════

OLD APPROACH (behavioural_to_opt_ir.ml):
  • Converted Verilator JSON → opt_ir (dataflow graph)
  • No high-level optimization passes
  • No SSA, no DCE, no CSE
  • Register inference at opt_ir level

NEW APPROACH (verilator_to_behavioral.ml):
  • Converts Verilator JSON → Behavioral IR
  • ✅ SSA construction
  • ✅ Constant propagation
  • ✅ Dead code elimination
  • ✅ Common subexpression elimination
  • ✅ Register inference: 4 registers

Benefits:
  ✅ Language-neutral IR (same as VHDL/SV)
  ✅ Shared optimization infrastructure
  ✅ Module-level DCE with cross-process analysis
  ✅ Can use Z3 miter verification
  ✅ Can compare Verilator vs Verible frontends

═══════════════════════════════════════════════════════════════
  ✅ SUCCESS
═══════════════════════════════════════════════════════════════

Verilator JSON successfully processed through behavioral IR!
Module spill_register: 4 registers, 2 wires

